
> nextjs@0.1.0 dev
> next dev -p 3001

  ▲ Next.js 14.2.35
  - Local:        http://localhost:3001

 ✓ Starting...
 ✓ Ready in 3.9s
 ○ Compiling / ...
request to https://fonts.googleapis.com/css2?family=Playfair+Display:wght@400;500;600;700&display=swap failed, reason: 

Retrying 1/3...
request to https://fonts.googleapis.com/css2?family=Inter:wght@100..900&display=swap failed, reason: 

Retrying 1/3...
request to https://fonts.googleapis.com/css2?family=Orbitron:wght@500;600;700;800&display=swap failed, reason: 

Retrying 1/3...
request to https://fonts.googleapis.com/css2?family=Space+Mono:wght@400;700&display=swap failed, reason: 

Retrying 1/3...
request to https://fonts.googleapis.com/css2?family=Playfair+Display:wght@400;500;600;700&display=swap failed, reason: 

Retrying 2/3...
request to https://fonts.googleapis.com/css2?family=Inter:wght@100..900&display=swap failed, reason: 

Retrying 2/3...
request to https://fonts.googleapis.com/css2?family=Orbitron:wght@500;600;700;800&display=swap failed, reason: 

Retrying 2/3...
request to https://fonts.googleapis.com/css2?family=Space+Mono:wght@400;700&display=swap failed, reason: 

Retrying 2/3...
request to https://fonts.googleapis.com/css2?family=Playfair+Display:wght@400;500;600;700&display=swap failed, reason: 

Retrying 3/3...
request to https://fonts.googleapis.com/css2?family=Inter:wght@100..900&display=swap failed, reason: 

Retrying 3/3...
request to https://fonts.googleapis.com/css2?family=Orbitron:wght@500;600;700;800&display=swap failed, reason: 

Retrying 3/3...
request to https://fonts.googleapis.com/css2?family=Space+Mono:wght@400;700&display=swap failed, reason: 

Retrying 3/3...
FetchError: request to https://fonts.googleapis.com/css2?family=Playfair+Display:wght@400;500;600;700&display=swap failed, reason: 
    at ClientRequest.<anonymous> (F:\portfolio\node_modules\next\dist\compiled\node-fetch\index.js:1:66160)
    at ClientRequest.emit (node:events:508:28)
    at emitErrorEvent (node:_http_client:108:11)
    at TLSSocket.socketErrorListener (node:_http_client:575:5)
    at TLSSocket.emit (node:events:508:28)
    at emitErrorNT (node:internal/streams/destroy:170:8)
    at emitErrorCloseNT (node:internal/streams/destroy:129:3)
    at process.processTicksAndRejections (node:internal/process/task_queues:89:21) {
  type: 'system',
  errno: 'EACCES',
  code: 'EACCES'
}
 ⨯ Failed to download `Playfair Display` from Google Fonts. Using fallback font instead.

Failed to fetch `Playfair Display` from Google Fonts.}
FetchError: request to https://fonts.googleapis.com/css2?family=Inter:wght@100..900&display=swap failed, reason: 
    at ClientRequest.<anonymous> (F:\portfolio\node_modules\next\dist\compiled\node-fetch\index.js:1:66160)
    at ClientRequest.emit (node:events:508:28)
    at emitErrorEvent (node:_http_client:108:11)
    at TLSSocket.socketErrorListener (node:_http_client:575:5)
    at TLSSocket.emit (node:events:508:28)
    at emitErrorNT (node:internal/streams/destroy:170:8)
    at emitErrorCloseNT (node:internal/streams/destroy:129:3)
    at process.processTicksAndRejections (node:internal/process/task_queues:89:21) {
  type: 'system',
  errno: 'EACCES',
  code: 'EACCES'
}
 ⨯ Failed to download `Inter` from Google Fonts. Using fallback font instead.

Failed to fetch `Inter` from Google Fonts.}
FetchError: request to https://fonts.googleapis.com/css2?family=Orbitron:wght@500;600;700;800&display=swap failed, reason: 
    at ClientRequest.<anonymous> (F:\portfolio\node_modules\next\dist\compiled\node-fetch\index.js:1:66160)
    at ClientRequest.emit (node:events:508:28)
    at emitErrorEvent (node:_http_client:108:11)
    at TLSSocket.socketErrorListener (node:_http_client:575:5)
    at TLSSocket.emit (node:events:508:28)
    at emitErrorNT (node:internal/streams/destroy:170:8)
    at emitErrorCloseNT (node:internal/streams/destroy:129:3)
    at process.processTicksAndRejections (node:internal/process/task_queues:89:21) {
  type: 'system',
  errno: 'EACCES',
  code: 'EACCES'
}
 ⨯ Failed to download `Orbitron` from Google Fonts. Using fallback font instead.

Failed to fetch `Orbitron` from Google Fonts.}
FetchError: request to https://fonts.googleapis.com/css2?family=Space+Mono:wght@400;700&display=swap failed, reason: 
    at ClientRequest.<anonymous> (F:\portfolio\node_modules\next\dist\compiled\node-fetch\index.js:1:66160)
    at ClientRequest.emit (node:events:508:28)
    at emitErrorEvent (node:_http_client:108:11)
    at TLSSocket.socketErrorListener (node:_http_client:575:5)
    at TLSSocket.emit (node:events:508:28)
    at emitErrorNT (node:internal/streams/destroy:170:8)
    at emitErrorCloseNT (node:internal/streams/destroy:129:3)
    at process.processTicksAndRejections (node:internal/process/task_queues:89:21) {
  type: 'system',
  errno: 'EACCES',
  code: 'EACCES'
}
 ⨯ Failed to download `Space Mono` from Google Fonts. Using fallback font instead.

Failed to fetch `Space Mono` from Google Fonts.}
Browserslist: caniuse-lite is outdated. Please run:
  npx update-browserslist-db@latest
  Why you should do it regularly: https://github.com/browserslist/update-db#readme
 ✓ Compiled / in 15.9s (1462 modules)
 GET / 200 in 16595ms
