0 verbose cli C:\Program Files\nodejs\node.exe C:\Program Files\nodejs\node_modules\npm\bin\npm-cli.js
1 info using npm@11.6.2
2 info using node@v24.12.0
3 silly config load:file:C:\Program Files\nodejs\node_modules\npm\npmrc
4 silly config load:file:F:\portfolio\.npmrc
5 silly config load:file:C:\Users\moment\.npmrc
6 silly config load:file:C:\Users\moment\AppData\Roaming\npm\etc\npmrc
7 verbose title npm install @playwright/test
8 verbose argv "install" "--save-dev" "@playwright/test"
9 verbose logfile logs-max:10 dir:F:\portfolio\.npm-cache\_logs\2026-07-05T04_33_53_993Z-
10 verbose logfile F:\portfolio\.npm-cache\_logs\2026-07-05T04_33_53_993Z-debug-0.log
11 silly logfile done cleaning log files
12 silly packumentCache heap:4496293888 maxSize:1124073472 maxEntrySize:562036736
13 silly idealTree buildDeps
14 silly fetch manifest @playwright/test@*
15 silly packumentCache full:https://registry.npmjs.org/@playwright%2ftest cache-miss
16 verbose shrinkwrap failed to load node_modules/.package-lock.json out of date, updated: node_modules
17 http fetch GET 200 https://registry.npmjs.org/@playwright%2ftest 6157ms (cache revalidated)
18 silly packumentCache full:https://registry.npmjs.org/@playwright%2ftest set size:9288002 disposed:false
19 silly placeDep ROOT @playwright/test@1.61.1 OK for: nextjs@0.1.0 want: *
20 silly fetch manifest playwright@1.61.1
21 silly packumentCache full:https://registry.npmjs.org/playwright cache-miss
22 http fetch GET 200 https://registry.npmjs.org/playwright 2837ms (cache revalidated)
23 silly packumentCache full:https://registry.npmjs.org/playwright set size:16464414 disposed:false
24 silly placeDep ROOT playwright@1.61.1 OK for: @playwright/test@1.61.1 want: 1.61.1
25 silly fetch manifest playwright-core@1.61.1
26 silly packumentCache full:https://registry.npmjs.org/playwright-core cache-miss
27 silly fetch manifest fsevents@2.3.2
28 silly packumentCache full:https://registry.npmjs.org/fsevents cache-miss
29 http fetch GET 200 https://registry.npmjs.org/playwright-core 1205ms (cache revalidated)
30 silly packumentCache full:https://registry.npmjs.org/playwright-core set size:18189175 disposed:false
31 http fetch GET 200 https://registry.npmjs.org/fsevents 1594ms (cache revalidated)
32 silly packumentCache full:https://registry.npmjs.org/fsevents set size:182472 disposed:false
33 silly placeDep node_modules/playwright fsevents@2.3.2 OK for: playwright@1.61.1 want: 2.3.2
34 silly placeDep ROOT playwright-core@1.61.1 OK for: playwright@1.61.1 want: 1.61.1
35 silly reify mark retired [ 'F:\\portfolio\\node_modules\\playwright' ]
36 silly reify mark retired [ 'F:\\portfolio\\node_modules\\playwright-core' ]
37 silly reify mark retired [ 'F:\\portfolio\\node_modules\\@playwright\\test' ]
38 silly reify moves {
38 silly reify   'F:\\portfolio\\node_modules\\playwright': 'F:\\portfolio\\node_modules\\.playwright-c2Ij9b1l',
38 silly reify   'F:\\portfolio\\node_modules\\playwright-core': 'F:\\portfolio\\node_modules\\.playwright-core-lrJaa0jd',
38 silly reify   'F:\\portfolio\\node_modules\\@playwright\\test': 'F:\\portfolio\\node_modules\\@playwright\\.test-us6havgt'
38 silly reify }
39 silly audit bulk request {
39 silly audit   '@alloc/quick-lru': [ '5.2.0' ],
39 silly audit   '@ast-grep/napi': [ '0.35.0' ],
39 silly audit   '@ast-grep/napi-darwin-arm64': [ '0.35.0' ],
39 silly audit   '@ast-grep/napi-darwin-x64': [ '0.35.0' ],
39 silly audit   '@ast-grep/napi-linux-arm64-gnu': [ '0.35.0' ],
39 silly audit   '@ast-grep/napi-linux-arm64-musl': [ '0.35.0' ],
39 silly audit   '@ast-grep/napi-linux-x64-gnu': [ '0.35.0' ],
39 silly audit   '@ast-grep/napi-linux-x64-musl': [ '0.35.0' ],
39 silly audit   '@ast-grep/napi-win32-arm64-msvc': [ '0.35.0' ],
39 silly audit   '@ast-grep/napi-win32-ia32-msvc': [ '0.35.0' ],
39 silly audit   '@ast-grep/napi-win32-x64-msvc': [ '0.35.0' ],
39 silly audit   '@aws-crypto/ie11-detection': [ '3.0.0' ],
39 silly audit   tslib: [ '1.14.1', '2.7.0' ],
39 silly audit   '@aws-crypto/sha256-browser': [ '3.0.0' ],
39 silly audit   '@aws-crypto/sha256-js': [ '3.0.0' ],
39 silly audit   '@aws-crypto/supports-web-crypto': [ '3.0.0' ],
39 silly audit   '@aws-crypto/util': [ '3.0.0' ],
39 silly audit   '@aws-sdk/checksums': [ '3.1000.12' ],
39 silly audit   '@aws-sdk/types': [ '3.973.15', '3.398.0' ],
39 silly audit   '@smithy/types': [ '4.15.1', '2.12.0' ],
39 silly audit   '@aws-sdk/client-cloudfront': [ '3.398.0' ],
39 silly audit   '@aws-sdk/client-dynamodb': [ '3.1079.0' ],
39 silly audit   '@aws-sdk/credential-provider-env': [ '3.972.53', '3.398.0' ],
39 silly audit   '@aws-sdk/credential-provider-ini': [ '3.972.60', '3.398.0' ],
39 silly audit   '@aws-sdk/credential-provider-node': [ '3.972.62', '3.398.0' ],
39 silly audit   '@aws-sdk/credential-provider-process': [ '3.972.53', '3.398.0' ],
39 silly audit   '@aws-sdk/credential-provider-sso': [ '3.972.59', '3.398.0' ],
39 silly audit   '@aws-sdk/credential-provider-web-identity': [ '3.972.59', '3.398.0' ],
39 silly audit   '@aws-sdk/token-providers': [ '3.1079.0', '3.398.0' ],
39 silly audit   '@smithy/credential-provider-imds': [ '4.4.6', '2.3.0' ],
39 silly audit   '@smithy/fetch-http-handler': [ '5.6.3', '2.5.0' ],
39 silly audit   '@smithy/node-http-handler': [ '4.9.3', '2.5.0' ],
39 silly audit   '@aws-sdk/client-lambda': [ '3.1079.0' ],
39 silly audit   '@aws-sdk/client-s3': [ '3.1079.0' ],
39 silly audit   '@aws-sdk/client-sqs': [ '3.1079.0' ],
39 silly audit   '@aws-sdk/client-sso': [ '3.398.0' ],
39 silly audit   '@aws-sdk/client-sts': [ '3.398.0' ],
39 silly audit   '@aws-sdk/core': [ '3.974.27' ],
39 silly audit   '@aws-sdk/xml-builder': [ '3.972.33', '3.310.0' ],
39 silly audit   '@aws-sdk/credential-provider-http': [ '3.972.55' ],
39 silly audit   '@aws-sdk/credential-provider-login': [ '3.972.59' ],
39 silly audit   '@aws-sdk/dynamodb-codec': [ '3.973.27' ],
39 silly audit   '@aws-sdk/endpoint-cache': [ '3.972.8' ],
39 silly audit   '@aws-sdk/middleware-endpoint-discovery': [ '3.972.22' ],
39 silly audit   '@aws-sdk/middleware-host-header': [ '3.398.0' ],
39 silly audit   '@aws-sdk/middleware-logger': [ '3.398.0' ],
39 silly audit   '@aws-sdk/middleware-recursion-detection': [ '3.398.0' ],
39 silly audit   '@aws-sdk/middleware-sdk-s3': [ '3.972.58' ],
39 silly audit   '@aws-sdk/middleware-sdk-sqs': [ '3.972.34' ],
39 silly audit   '@aws-sdk/middleware-sdk-sts': [ '3.398.0' ],
39 silly audit   '@aws-sdk/middleware-signing': [ '3.398.0' ],
39 silly audit   '@smithy/signature-v4': [ '2.3.0', '5.6.2' ],
39 silly audit   '@aws-sdk/middleware-user-agent': [ '3.398.0' ],
39 silly audit   '@aws-sdk/nested-clients': [ '3.997.27' ],
39 silly audit   '@aws-sdk/signature-v4-multi-region': [ '3.996.38' ],
39 silly audit   '@aws-sdk/util-endpoints': [ '3.398.0' ],
39 silly audit   '@aws-sdk/util-locate-window': [ '3.965.8' ],
39 silly audit   '@aws-sdk/util-user-agent-browser': [ '3.398.0' ],
39 silly audit   '@aws-sdk/util-user-agent-node': [ '3.398.0' ],
39 silly audit   '@aws-sdk/util-utf8-browser': [ '3.259.0' ],
39 silly audit   '@aws/lambda-invoke-store': [ '0.3.0' ],
39 silly audit   '@babel/runtime': [ '7.25.7' ],
39 silly audit   '@cloudflare/kv-asset-handler': [ '0.5.0' ],
39 silly audit   '@cloudflare/unenv-preset': [ '2.16.1' ],
39 silly audit   '@cloudflare/workerd-darwin-64': [ '1.20260701.1' ],
39 silly audit   '@cloudflare/workerd-darwin-arm64': [ '1.20260701.1' ],
39 silly audit   '@cloudflare/workerd-linux-64': [ '1.20260701.1' ],
39 silly audit   '@cloudflare/workerd-linux-arm64': [ '1.20260701.1' ],
39 silly audit   '@cloudflare/workerd-windows-64': [ '1.20260701.1' ],
39 silly audit   '@cspotcode/source-map-support': [ '0.8.1' ],
39 silly audit   '@jridgewell/trace-mapping': [ '0.3.9', '0.3.25' ],
39 silly audit   '@dotenvx/dotenvx': [ '1.31.0' ],
39 silly audit   commander: [ '11.1.0', '4.1.1', '2.20.3' ],
39 silly audit   fdir: [ '6.5.0' ],
39 silly audit   isexe: [ '3.1.5', '2.0.0' ],
39 silly audit   picomatch: [ '4.0.5', '2.3.1' ],
39 silly audit   which: [ '4.0.0', '2.0.2' ],
39 silly audit   '@ecies/ciphers': [ '0.2.6' ],
39 silly audit   '@emnapi/runtime': [ '1.11.2' ],
39 silly audit   '@esbuild/aix-ppc64': [ '0.28.1' ],
39 silly audit   '@esbuild/android-arm': [ '0.19.2', '0.28.1' ],
39 silly audit   '@esbuild/android-arm64': [ '0.19.2', '0.28.1' ],
39 silly audit   '@esbuild/android-x64': [ '0.19.2', '0.28.1' ],
39 silly audit   '@esbuild/darwin-arm64': [ '0.19.2', '0.28.1' ],
39 silly audit   '@esbuild/darwin-x64': [ '0.19.2', '0.28.1' ],
39 silly audit   '@esbuild/freebsd-arm64': [ '0.19.2', '0.28.1' ],
39 silly audit   '@esbuild/freebsd-x64': [ '0.19.2', '0.28.1' ],
39 silly audit   '@esbuild/linux-arm': [ '0.19.2', '0.28.1' ],
39 silly audit   '@esbuild/linux-arm64': [ '0.19.2', '0.28.1' ],
39 silly audit   '@esbuild/linux-ia32': [ '0.19.2', '0.28.1' ],
39 silly audit   '@esbuild/linux-loong64': [ '0.19.2', '0.28.1' ],
39 silly audit   '@esbuild/linux-mips64el': [ '0.19.2', '0.28.1' ],
39 silly audit   '@esbuild/linux-ppc64': [ '0.19.2', '0.28.1' ],
39 silly audit   '@esbuild/linux-riscv64': [ '0.19.2', '0.28.1' ],
39 silly audit   '@esbuild/linux-s390x': [ '0.19.2', '0.28.1' ],
39 silly audit   '@esbuild/linux-x64': [ '0.19.2', '0.28.1' ],
39 silly audit   '@esbuild/netbsd-arm64': [ '0.28.1' ],
39 silly audit   '@esbuild/netbsd-x64': [ '0.19.2', '0.28.1' ],
39 silly audit   '@esbuild/openbsd-arm64': [ '0.28.1' ],
39 silly audit   '@esbuild/openbsd-x64': [ '0.19.2', '0.28.1' ],
39 silly audit   '@esbuild/openharmony-arm64': [ '0.28.1' ],
39 silly audit   '@esbuild/sunos-x64': [ '0.19.2', '0.28.1' ],
39 silly audit   '@esbuild/win32-arm64': [ '0.19.2', '0.28.1' ],
39 silly audit   '@esbuild/win32-ia32': [ '0.19.2', '0.28.1' ],
39 silly audit   '@esbuild/win32-x64': [ '0.19.2', '0.28.1' ],
39 silly audit   '@eslint-community/eslint-utils': [ '4.4.0' ],
39 silly audit   '@eslint-community/regexpp': [ '4.11.1' ],
39 silly audit   '@eslint/eslintrc': [ '2.1.4' ],
39 silly audit   '@eslint/js': [ '8.49.0' ],
39 silly audit   '@floating-ui/core': [ '1.6.8' ],
39 silly audit   '@floating-ui/dom': [ '1.6.11' ],
39 silly audit   '@floating-ui/react-dom': [ '2.1.2' ],
39 silly audit   '@floating-ui/utils': [ '0.2.8' ],
39 silly audit   '@hookform/resolvers': [ '3.9.0' ],
39 silly audit   '@humanwhocodes/config-array': [ '0.11.14' ],
39 silly audit   '@humanwhocodes/module-importer': [ '1.0.1' ],
39 silly audit   '@humanwhocodes/object-schema': [ '2.0.3' ],
39 silly audit   '@img/colour': [ '1.1.0' ],
39 silly audit   '@img/sharp-darwin-arm64': [ '0.34.5' ],
39 silly audit   '@img/sharp-darwin-x64': [ '0.34.5' ],
39 silly audit   '@img/sharp-libvips-darwin-arm64': [ '1.2.4' ],
39 silly audit   '@img/sharp-libvips-darwin-x64': [ '1.2.4' ],
39 silly audit   '@img/sharp-libvips-linux-arm': [ '1.2.4' ],
39 silly audit   '@img/sharp-libvips-linux-arm64': [ '1.2.4' ],
39 silly audit   '@img/sharp-libvips-linux-ppc64': [ '1.2.4' ],
39 silly audit   '@img/sharp-libvips-linux-riscv64': [ '1.2.4' ],
39 silly audit   '@img/sharp-libvips-linux-s390x': [ '1.2.4' ],
39 silly audit   '@img/sharp-libvips-linux-x64': [ '1.2.4' ],
39 silly audit   '@img/sharp-libvips-linuxmusl-arm64': [ '1.2.4' ],
39 silly audit   '@img/sharp-libvips-linuxmusl-x64': [ '1.2.4' ],
39 silly audit   '@img/sharp-linux-arm': [ '0.34.5' ],
39 silly audit   '@img/sharp-linux-arm64': [ '0.34.5' ],
39 silly audit   '@img/sharp-linux-ppc64': [ '0.34.5' ],
39 silly audit   '@img/sharp-linux-riscv64': [ '0.34.5' ],
39 silly audit   '@img/sharp-linux-s390x': [ '0.34.5' ],
39 silly audit   '@img/sharp-linux-x64': [ '0.34.5' ],
39 silly audit   '@img/sharp-linuxmusl-arm64': [ '0.34.5' ],
39 silly audit   '@img/sharp-linuxmusl-x64': [ '0.34.5' ],
39 silly audit   '@img/sharp-wasm32': [ '0.34.5' ],
39 silly audit   '@img/sharp-win32-arm64': [ '0.34.5' ],
39 silly audit   '@img/sharp-win32-ia32': [ '0.34.5' ],
39 silly audit   '@img/sharp-win32-x64': [ '0.34.5' ],
39 silly audit   '@isaacs/cliui': [ '8.0.2', '9.0.0' ],
39 silly audit   'ansi-regex': [ '6.1.0', '5.0.1' ],
39 silly audit   'strip-ansi': [ '7.1.0', '6.0.1' ],
39 silly audit   '@jridgewell/gen-mapping': [ '0.3.5' ],
39 silly audit   '@jridgewell/resolve-uri': [ '3.1.2' ],
39 silly audit   '@jridgewell/set-array': [ '1.2.1' ],
39 silly audit   '@jridgewell/source-map': [ '0.3.11' ],
39 silly audit   '@jridgewell/sourcemap-codec': [ '1.5.0' ],
39 silly audit   '@netlify/plugin-nextjs': [ '5.15.1' ],
39 silly audit   '@next/env': [ '14.2.35' ],
39 silly audit   '@next/eslint-plugin-next': [ '13.5.1' ],
39 silly audit   '@next/swc-darwin-arm64': [ '14.2.33' ],
39 silly audit   '@next/swc-darwin-x64': [ '14.2.33' ],
39 silly audit   '@next/swc-linux-arm64-gnu': [ '14.2.33' ],
39 silly audit   '@next/swc-linux-arm64-musl': [ '14.2.33' ],
39 silly audit   '@next/swc-linux-x64-gnu': [ '14.2.33' ],
39 silly audit   '@next/swc-linux-x64-musl': [ '14.2.33' ],
39 silly audit   '@next/swc-wasm-nodejs': [ '13.5.1' ],
39 silly audit   '@next/swc-win32-arm64-msvc': [ '14.2.33' ],
39 silly audit   '@next/swc-win32-ia32-msvc': [ '14.2.33' ],
39 silly audit   '@next/swc-win32-x64-msvc': [ '14.2.33' ],
39 silly audit   '@noble/ciphers': [ '1.3.0' ],
39 silly audit   '@noble/curves': [ '1.9.7' ],
39 silly audit   '@noble/hashes': [ '1.8.0' ],
39 silly audit   '@node-minify/core': [ '8.0.6' ],
39 silly audit   'brace-expansion': [ '2.1.1', '5.0.7', '2.0.1', '1.1.11' ],
39 silly audit   glob: [ '9.3.5', '11.1.0', '7.1.7', '10.4.5' ],
39 silly audit   minimatch: [ '8.0.7', '10.2.5', '9.0.3', '3.1.2', '9.0.5' ],
39 silly audit   minipass: [ '4.2.8', '7.1.2' ],
39 silly audit   '@node-minify/terser': [ '8.0.6' ],
39 silly audit   '@node-minify/utils': [ '8.0.6' ],
39 silly audit   '@nodelib/fs.scandir': [ '2.1.5' ],
39 silly audit   '@nodelib/fs.stat': [ '2.0.5' ],
39 silly audit   '@nodelib/fs.walk': [ '1.2.8' ],
39 silly audit   '@nolyfill/is-core-module': [ '1.0.39' ],
39 silly audit   '@opennextjs/aws': [ '3.5.3' ],
39 silly audit   chalk: [ '5.6.2', '4.1.2' ],
39 silly audit   '@opennextjs/cloudflare': [ '0.6.5' ],
39 silly audit   'balanced-match': [ '4.0.4', '1.0.2' ],
39 silly audit   jackspeak: [ '4.2.3', '3.4.3' ],
39 silly audit   'lru-cache': [ '11.5.1', '10.4.3' ],
39 silly audit   'path-scurry': [ '2.0.2', '1.11.1' ],
39 silly audit   '@pkgjs/parseargs': [ '0.11.0' ],
39 silly audit   '@poppinss/colors': [ '4.1.6' ],
39 silly audit   '@poppinss/dumper': [ '0.6.5' ],
39 silly audit   'supports-color': [ '10.2.2', '7.2.0' ],
39 silly audit   '@poppinss/exception': [ '1.2.3' ],
39 silly audit   '@radix-ui/number': [ '1.1.0' ],
39 silly audit   '@radix-ui/primitive': [ '1.1.0', '1.0.1' ],
39 silly audit   '@radix-ui/react-accordion': [ '1.2.1' ],
39 silly audit   '@radix-ui/react-alert-dialog': [ '1.1.2' ],
39 silly audit   '@radix-ui/react-arrow': [ '1.1.0' ],
39 silly audit   '@radix-ui/react-aspect-ratio': [ '1.1.0' ],
39 silly audit   '@radix-ui/react-avatar': [ '1.1.1' ],
39 silly audit   '@radix-ui/react-checkbox': [ '1.1.2' ],
39 silly audit   '@radix-ui/react-collapsible': [ '1.1.1' ],
39 silly audit   '@radix-ui/react-collection': [ '1.1.0' ],
39 silly audit   '@radix-ui/react-context': [ '1.1.0', '1.1.1', '1.0.1' ],
39 silly audit   '@radix-ui/react-compose-refs': [ '1.1.0', '1.0.1' ],
39 silly audit   '@radix-ui/react-context-menu': [ '2.2.2' ],
39 silly audit   '@radix-ui/react-dialog': [ '1.1.2', '1.0.5' ],
39 silly audit   '@radix-ui/react-direction': [ '1.1.0' ],
39 silly audit   '@radix-ui/react-dismissable-layer': [ '1.1.1', '1.0.5' ],
39 silly audit   '@radix-ui/react-dropdown-menu': [ '2.1.2' ],
39 silly audit   '@radix-ui/react-focus-guards': [ '1.1.1', '1.0.1' ],
39 silly audit   '@radix-ui/react-focus-scope': [ '1.1.0', '1.0.4' ],
39 silly audit   '@radix-ui/react-hover-card': [ '1.1.2' ],
39 silly audit   '@radix-ui/react-id': [ '1.1.0', '1.0.1' ],
39 silly audit   '@radix-ui/react-label': [ '2.1.0' ],
39 silly audit   '@radix-ui/react-menu': [ '2.1.2' ],
39 silly audit   '@radix-ui/react-menubar': [ '1.1.2' ],
39 silly audit   '@radix-ui/react-navigation-menu': [ '1.2.1' ],
39 silly audit   '@radix-ui/react-popover': [ '1.1.2' ],
39 silly audit   '@radix-ui/react-popper': [ '1.2.0' ],
39 silly audit   '@radix-ui/react-portal': [ '1.1.2', '1.0.4' ],
39 silly audit   '@radix-ui/react-presence': [ '1.1.1', '1.0.1' ],
39 silly audit   '@radix-ui/react-primitive': [ '2.0.0', '1.0.3' ],
39 silly audit   '@radix-ui/react-progress': [ '1.1.0' ],
39 silly audit   '@radix-ui/react-radio-group': [ '1.2.1' ],
39 silly audit   '@radix-ui/react-roving-focus': [ '1.1.0' ],
39 silly audit   '@radix-ui/react-scroll-area': [ '1.2.0' ],
39 silly audit   '@radix-ui/react-select': [ '2.1.2' ],
39 silly audit   '@radix-ui/react-separator': [ '1.1.0' ],
39 silly audit   '@radix-ui/react-slider': [ '1.2.1' ],
39 silly audit   '@radix-ui/react-slot': [ '1.1.0', '1.0.2' ],
39 silly audit   '@radix-ui/react-switch': [ '1.1.1' ],
39 silly audit   '@radix-ui/react-tabs': [ '1.1.1' ],
39 silly audit   '@radix-ui/react-toast': [ '1.2.2' ],
39 silly audit   '@radix-ui/react-toggle': [ '1.1.0' ],
39 silly audit   '@radix-ui/react-toggle-group': [ '1.1.0' ],
39 silly audit   '@radix-ui/react-tooltip': [ '1.1.3' ],
39 silly audit   '@radix-ui/react-use-callback-ref': [ '1.1.0', '1.0.1' ],
39 silly audit   '@radix-ui/react-use-controllable-state': [ '1.1.0', '1.0.1' ],
39 silly audit   '@radix-ui/react-use-escape-keydown': [ '1.1.0', '1.0.3' ],
39 silly audit   '@radix-ui/react-use-layout-effect': [ '1.1.0', '1.0.1' ],
39 silly audit   '@radix-ui/react-use-previous': [ '1.1.0' ],
39 silly audit   '@radix-ui/react-use-rect': [ '1.1.0' ],
39 silly audit   '@radix-ui/react-use-size': [ '1.1.0' ],
39 silly audit   '@radix-ui/react-visually-hidden': [ '1.1.0' ],
39 silly audit   '@radix-ui/rect': [ '1.1.0' ],
39 silly audit   '@rtsao/scc': [ '1.1.0' ],
39 silly audit   '@rushstack/eslint-patch': [ '1.10.4' ],
39 silly audit   '@sindresorhus/is': [ '7.2.0' ],
39 silly audit   '@smithy/abort-controller': [ '2.2.0' ],
39 silly audit   '@smithy/config-resolver': [ '2.2.0' ],
39 silly audit   '@smithy/core': [ '3.29.1' ],
39 silly audit   '@smithy/protocol-http': [ '3.3.0', '2.0.5' ],
39 silly audit   '@smithy/hash-node': [ '2.2.0' ],
39 silly audit   '@smithy/invalid-dependency': [ '2.2.0' ],
39 silly audit   '@smithy/is-array-buffer': [ '2.2.0' ],
39 silly audit   '@smithy/middleware-content-length': [ '2.2.0' ],
39 silly audit   '@smithy/middleware-endpoint': [ '2.5.1' ],
39 silly audit   '@smithy/middleware-retry': [ '2.3.1' ],
39 silly audit   '@smithy/middleware-serde': [ '2.3.0' ],
39 silly audit   '@smithy/middleware-stack': [ '2.2.0' ],
39 silly audit   '@smithy/node-config-provider': [ '2.3.0' ],
39 silly audit   '@smithy/property-provider': [ '2.2.0' ],
39 silly audit   '@smithy/querystring-builder': [ '2.2.0' ],
39 silly audit   '@smithy/querystring-parser': [ '2.2.0' ],
39 silly audit   '@smithy/service-error-classification': [ '2.1.5' ],
39 silly audit   '@smithy/shared-ini-file-loader': [ '2.4.0' ],
39 silly audit   '@smithy/smithy-client': [ '2.5.1' ],
39 silly audit   '@smithy/url-parser': [ '2.2.0' ],
39 silly audit   '@smithy/util-base64': [ '2.3.0' ],
39 silly audit   '@smithy/util-body-length-browser': [ '2.2.0' ],
39 silly audit   '@smithy/util-body-length-node': [ '2.3.0' ],
39 silly audit   '@smithy/util-buffer-from': [ '2.2.0' ],
39 silly audit   '@smithy/util-config-provider': [ '2.3.0' ],
39 silly audit   '@smithy/util-defaults-mode-browser': [ '2.2.1' ],
39 silly audit   '@smithy/util-defaults-mode-node': [ '2.3.1' ],
39 silly audit   '@smithy/util-hex-encoding': [ '2.2.0' ],
39 silly audit   '@smithy/util-middleware': [ '2.2.0' ],
39 silly audit   '@smithy/util-retry': [ '2.2.0' ],
39 silly audit   '@smithy/util-stream': [ '2.2.0' ],
39 silly audit   '@smithy/util-uri-escape': [ '2.2.0' ],
39 silly audit   '@smithy/util-utf8': [ '2.3.0' ],
39 silly audit   '@smithy/util-waiter': [ '2.2.0' ],
39 silly audit   '@speed-highlight/core': [ '1.2.17' ],
39 silly audit   '@supabase/auth-js': [ '2.72.0' ],
39 silly audit   '@supabase/functions-js': [ '2.5.0' ],
39 silly audit   '@supabase/node-fetch': [ '2.6.15' ],
39 silly audit   '@supabase/postgrest-js': [ '1.21.4' ],
39 silly audit   '@supabase/realtime-js': [ '2.15.5' ],
39 silly audit   '@supabase/storage-js': [ '2.12.2' ],
39 silly audit   '@supabase/supabase-js': [ '2.58.0' ],
39 silly audit   '@swc/counter': [ '0.1.3' ],
39 silly audit   '@swc/helpers': [ '0.5.5' ],
39 silly audit   '@tsconfig/node18': [ '1.0.3' ],
39 silly audit   '@types/d3-array': [ '3.2.1' ],
39 silly audit   '@types/d3-color': [ '3.1.3' ],
39 silly audit   '@types/d3-ease': [ '3.0.2' ],
39 silly audit   '@types/d3-interpolate': [ '3.0.4' ],
39 silly audit   '@types/d3-path': [ '3.1.0' ],
39 silly audit   '@types/d3-scale': [ '4.0.8' ],
39 silly audit   '@types/d3-shape': [ '3.1.6' ],
39 silly audit   '@types/d3-time': [ '3.0.3' ],
39 silly audit   '@types/d3-timer': [ '3.0.2' ],
39 silly audit   '@types/json5': [ '0.0.29' ],
39 silly audit   '@types/node': [ '20.6.2' ],
39 silly audit   '@types/phoenix': [ '1.6.6' ],
39 silly audit   '@types/prop-types': [ '15.7.13' ],
39 silly audit   '@types/react': [ '18.2.22' ],
39 silly audit   '@types/react-dom': [ '18.2.7' ],
39 silly audit   '@types/scheduler': [ '0.23.0' ],
39 silly audit   '@types/ws': [ '8.18.1' ],
39 silly audit   '@typescript-eslint/parser': [ '6.21.0' ],
39 silly audit   '@typescript-eslint/scope-manager': [ '6.21.0' ],
39 silly audit   '@typescript-eslint/types': [ '6.21.0' ],
39 silly audit   '@typescript-eslint/typescript-estree': [ '6.21.0' ],
39 silly audit   '@typescript-eslint/visitor-keys': [ '6.21.0' ],
39 silly audit   accepts: [ '2.0.0' ],
39 silly audit   acorn: [ '8.12.1' ],
39 silly audit   'acorn-jsx': [ '5.3.2' ],
39 silly audit   ajv: [ '6.12.6' ],
39 silly audit   'ansi-colors': [ '4.1.3' ],
39 silly audit   'ansi-styles': [ '4.3.0', '6.2.1' ],
39 silly audit   'any-promise': [ '1.3.0' ],
39 silly audit   anymatch: [ '3.1.3' ],
39 silly audit   arg: [ '5.0.2' ],
39 silly audit   argparse: [ '2.0.1' ],
39 silly audit   'aria-hidden': [ '1.2.4' ],
39 silly audit   'aria-query': [ '5.1.3' ],
39 silly audit   'array-buffer-byte-length': [ '1.0.1' ],
39 silly audit   'array-includes': [ '3.1.8' ],
39 silly audit   'array-union': [ '2.1.0' ],
39 silly audit   'array.prototype.findlast': [ '1.2.5' ],
39 silly audit   'array.prototype.findlastindex': [ '1.2.5' ],
39 silly audit   'array.prototype.flat': [ '1.3.2' ],
39 silly audit   'array.prototype.flatmap': [ '1.3.2' ],
39 silly audit   'array.prototype.tosorted': [ '1.1.4' ],
39 silly audit   'arraybuffer.prototype.slice': [ '1.0.3' ],
39 silly audit   'ast-types-flow': [ '0.0.8' ],
39 silly audit   autoprefixer: [ '10.4.15' ],
39 silly audit   'available-typed-arrays': [ '1.0.7' ],
39 silly audit   aws4fetch: [ '1.0.20' ],
39 silly audit   'axe-core': [ '4.10.0' ],
39 silly audit   'axobject-query': [ '4.1.0' ],
39 silly audit   'binary-extensions': [ '2.3.0' ],
39 silly audit   'blake3-wasm': [ '2.1.5' ],
39 silly audit   'body-parser': [ '2.3.0' ],
39 silly audit   'content-type': [ '2.0.0', '1.0.5' ],
39 silly audit   'http-errors': [ '2.0.1', '2.0.0' ],
39 silly audit   qs: [ '6.15.3', '6.13.0' ],
39 silly audit   statuses: [ '2.0.2', '2.0.1' ],
39 silly audit   bowser: [ '2.14.1' ],
39 silly audit   braces: [ '3.0.3' ],
39 silly audit   browserslist: [ '4.24.0' ],
39 silly audit   'buffer-from': [ '1.1.2' ],
39 silly audit   busboy: [ '1.6.0' ],
39 silly audit   bytes: [ '3.1.2' ],
39 silly audit   'call-bind': [ '1.0.7' ],
39 silly audit   'call-bind-apply-helpers': [ '1.0.2' ],
39 silly audit   'call-bound': [ '1.0.4' ],
39 silly audit   callsites: [ '3.1.0' ],
39 silly audit   'camelcase-css': [ '2.0.1' ],
39 silly audit   'caniuse-lite': [ '1.0.30001667' ],
39 silly audit   chokidar: [ '3.6.0' ],
39 silly audit   'glob-parent': [ '5.1.2', '6.0.2' ],
39 silly audit   'class-variance-authority': [ '0.7.0' ],
39 silly audit   clsx: [ '2.0.0', '2.1.1' ],
39 silly audit   'client-only': [ '0.0.1' ],
39 silly audit   cmdk: [ '1.0.0' ],
39 silly audit   'react-remove-scroll': [ '2.5.5', '2.6.0' ],
39 silly audit   'color-convert': [ '2.0.1' ],
39 silly audit   'color-name': [ '1.1.4' ],
39 silly audit   'concat-map': [ '0.0.1' ],
39 silly audit   'content-disposition': [ '1.1.0' ],
39 silly audit   cookie: [ '0.7.1', '1.1.1' ],
39 silly audit   'cookie-signature': [ '1.2.2' ],
39 silly audit   'cross-spawn': [ '7.0.6' ],
39 silly audit   cssesc: [ '3.0.0' ],
39 silly audit   csstype: [ '3.1.3' ],
39 silly audit   'd3-array': [ '3.2.4' ],
39 silly audit   'd3-color': [ '3.1.0' ],
39 silly audit   'd3-ease': [ '3.0.1' ],
39 silly audit   'd3-format': [ '3.1.0' ],
39 silly audit   'd3-interpolate': [ '3.0.1' ],
39 silly audit   'd3-path': [ '3.1.0' ],
39 silly audit   'd3-scale': [ '4.0.2' ],
39 silly audit   'd3-shape': [ '3.2.0' ],
39 silly audit   'd3-time': [ '3.1.0' ],
39 silly audit   'd3-time-format': [ '4.1.0' ],
39 silly audit   'd3-timer': [ '3.0.1' ],
39 silly audit   'damerau-levenshtein': [ '1.0.8' ],
39 silly audit   'data-view-buffer': [ '1.0.1' ],
39 silly audit   'data-view-byte-length': [ '1.0.1' ],
39 silly audit   'data-view-byte-offset': [ '1.0.0' ],
39 silly audit   'date-fns': [ '3.6.0' ],
39 silly audit   debug: [ '4.4.3', '3.2.7', '4.3.6' ],
39 silly audit   'decimal.js-light': [ '2.5.1' ],
39 silly audit   'deep-equal': [ '2.2.3' ],
39 silly audit   'deep-is': [ '0.1.4' ],
39 silly audit   'define-data-property': [ '1.1.4' ],
39 silly audit   'define-properties': [ '1.2.1' ],
39 silly audit   depd: [ '2.0.0' ],
39 silly audit   'detect-libc': [ '2.1.2' ],
39 silly audit   'detect-node-es': [ '1.1.0' ],
39 silly audit   didyoumean: [ '1.2.2' ],
39 silly audit   'dir-glob': [ '3.0.1' ],
39 silly audit   dlv: [ '1.1.3' ],
39 silly audit   doctrine: [ '3.0.0', '2.1.0' ],
39 silly audit   'dom-helpers': [ '5.2.1' ],
39 silly audit   dotenv: [ '16.6.1' ],
39 silly audit   'dunder-proto': [ '1.0.1' ],
39 silly audit   duplexer: [ '0.1.2' ],
39 silly audit   eastasianwidth: [ '0.2.0' ],
39 silly audit   eciesjs: [ '0.4.18' ],
39 silly audit   'ee-first': [ '1.1.1' ],
39 silly audit   'electron-to-chromium': [ '1.5.34' ],
39 silly audit   'embla-carousel': [ '8.3.0' ],
39 silly audit   'embla-carousel-react': [ '8.3.0' ],
39 silly audit   'embla-carousel-reactive-utils': [ '8.3.0' ],
39 silly audit   'emoji-regex': [ '9.2.2', '8.0.0' ],
39 silly audit   encodeurl: [ '2.0.0' ],
39 silly audit   'enhanced-resolve': [ '5.17.1' ],
39 silly audit   enquirer: [ '2.4.1' ],
39 silly audit   'error-stack-parser-es': [ '1.0.5' ],
39 silly audit   'es-abstract': [ '1.23.3' ],
39 silly audit   'es-define-property': [ '1.0.1' ],
39 silly audit   'es-errors': [ '1.3.0' ],
39 silly audit   'es-get-iterator': [ '1.1.3' ],
39 silly audit   'es-iterator-helpers': [ '1.1.0' ],
39 silly audit   'es-object-atoms': [ '1.1.2' ],
39 silly audit   'es-set-tostringtag': [ '2.0.3' ],
39 silly audit   'es-shim-unscopables': [ '1.0.2' ],
39 silly audit   'es-to-primitive': [ '1.2.1' ],
39 silly audit   esbuild: [ '0.19.2', '0.28.1' ],
39 silly audit   escalade: [ '3.2.0' ],
39 silly audit   'escape-html': [ '1.0.3' ],
39 silly audit   'escape-string-regexp': [ '4.0.0' ],
39 silly audit   eslint: [ '8.49.0' ],
39 silly audit   'eslint-config-next': [ '13.5.1' ],
39 silly audit   'eslint-import-resolver-typescript': [ '3.6.3' ],
39 silly audit   'eslint-import-resolver-node': [ '0.3.9' ],
39 silly audit   'eslint-module-utils': [ '2.12.0' ],
39 silly audit   'eslint-plugin-import': [ '2.31.0' ],
39 silly audit   semver: [ '6.3.1', '7.8.5' ],
39 silly audit   'eslint-plugin-jsx-a11y': [ '6.10.0' ],
39 silly audit   'eslint-plugin-react': [ '7.37.1' ],
39 silly audit   'eslint-plugin-react-hooks': [ '4.6.2' ],
39 silly audit   resolve: [ '2.0.0-next.5', '1.22.8' ],
39 silly audit   'eslint-scope': [ '7.2.2' ],
39 silly audit   'eslint-visitor-keys': [ '3.4.3' ],
39 silly audit   espree: [ '9.6.1' ],
39 silly audit   esquery: [ '1.6.0' ],
39 silly audit   esrecurse: [ '4.3.0' ],
39 silly audit   estraverse: [ '5.3.0' ],
39 silly audit   esutils: [ '2.0.3' ],
39 silly audit   etag: [ '1.8.1' ],
39 silly audit   eventemitter3: [ '4.0.7' ],
39 silly audit   execa: [ '5.1.1' ],
39 silly audit   'signal-exit': [ '3.0.7', '4.1.0' ],
39 silly audit   express: [ '5.0.1' ],
39 silly audit   ms: [ '2.1.2', '2.1.3' ],
39 silly audit   'fast-deep-equal': [ '3.1.3' ],
39 silly audit   'fast-equals': [ '5.0.1' ],
39 silly audit   'fast-glob': [ '3.3.2' ],
39 silly audit   'fast-json-stable-stringify': [ '2.1.0' ],
39 silly audit   'fast-levenshtein': [ '2.0.6' ],
39 silly audit   'fast-xml-parser': [ '4.2.5' ],
39 silly audit   fastq: [ '1.17.1' ],
39 silly audit   'file-entry-cache': [ '6.0.1' ],
39 silly audit   'fill-range': [ '7.1.1' ],
39 silly audit   finalhandler: [ '2.1.1' ],
39 silly audit   'find-up': [ '5.0.0' ],
39 silly audit   'flat-cache': [ '3.2.0' ],
39 silly audit   flatted: [ '3.3.1' ],
39 silly audit   'for-each': [ '0.3.3' ],
39 silly audit   'foreground-child': [ '3.3.1' ],
39 silly audit   forwarded: [ '0.2.0' ],
39 silly audit   'fraction.js': [ '4.3.7' ],
39 silly audit   'framer-motion': [ '12.42.2' ],
39 silly audit   fresh: [ '2.0.0' ],
39 silly audit   'fs.realpath': [ '1.0.0' ],
39 silly audit   fsevents: [ '2.3.3', '2.3.2' ],
39 silly audit   'function-bind': [ '1.1.2' ],
39 silly audit   'function.prototype.name': [ '1.1.6' ],
39 silly audit   'functions-have-names': [ '1.2.3' ],
39 silly audit   'get-intrinsic': [ '1.3.0' ],
39 silly audit   'get-nonce': [ '1.0.1' ],
39 silly audit   'get-proto': [ '1.0.1' ],
39 silly audit   'get-stream': [ '6.0.1' ],
39 silly audit   'get-symbol-description': [ '1.0.2' ],
39 silly audit   'get-tsconfig': [ '4.8.1' ],
39 silly audit   globals: [ '13.24.0' ],
39 silly audit   globalthis: [ '1.0.4' ],
39 silly audit   globby: [ '11.1.0' ],
39 silly audit   gopd: [ '1.2.0' ],
39 silly audit   'graceful-fs': [ '4.2.11' ],
39 silly audit   graphemer: [ '1.4.0' ],
39 silly audit   'gzip-size': [ '6.0.0' ],
39 silly audit   'has-bigints': [ '1.0.2' ],
39 silly audit   'has-flag': [ '4.0.0' ],
39 silly audit   'has-property-descriptors': [ '1.0.2' ],
39 silly audit   'has-proto': [ '1.0.3' ],
39 silly audit   'has-symbols': [ '1.1.0' ],
39 silly audit   'has-tostringtag': [ '1.0.2' ],
39 silly audit   hasown: [ '2.0.2' ],
39 silly audit   'human-signals': [ '2.1.0' ],
39 silly audit   'iconv-lite': [ '0.7.2' ],
39 silly audit   ignore: [ '5.3.2' ],
39 silly audit   'import-fresh': [ '3.3.0' ],
39 silly audit   imurmurhash: [ '0.1.4' ],
39 silly audit   inflight: [ '1.0.6' ],
39 silly audit   inherits: [ '2.0.4' ],
39 silly audit   'input-otp': [ '1.2.4' ],
39 silly audit   'internal-slot': [ '1.0.7' ],
39 silly audit   internmap: [ '2.0.3' ],
39 silly audit   invariant: [ '2.2.4' ],
39 silly audit   'ipaddr.js': [ '1.9.1' ],
39 silly audit   'is-arguments': [ '1.1.1' ],
39 silly audit   'is-array-buffer': [ '3.0.4' ],
39 silly audit   'is-async-function': [ '2.0.0' ],
39 silly audit   'is-bigint': [ '1.0.4' ],
39 silly audit   'is-binary-path': [ '2.1.0' ],
39 silly audit   'is-boolean-object': [ '1.1.2' ],
39 silly audit   'is-bun-module': [ '1.2.1' ],
39 silly audit   'is-callable': [ '1.2.7' ],
39 silly audit   'is-core-module': [ '2.15.1' ],
39 silly audit   'is-data-view': [ '1.0.1' ],
39 silly audit   'is-date-object': [ '1.0.5' ],
39 silly audit   'is-extglob': [ '2.1.1' ],
39 silly audit   'is-finalizationregistry': [ '1.0.2' ],
39 silly audit   'is-fullwidth-code-point': [ '3.0.0' ],
39 silly audit   'is-generator-function': [ '1.0.10' ],
39 silly audit   'is-glob': [ '4.0.3' ],
39 silly audit   'is-map': [ '2.0.3' ],
39 silly audit   'is-negative-zero': [ '2.0.3' ],
39 silly audit   'is-number': [ '7.0.0' ],
39 silly audit   'is-number-object': [ '1.0.7' ],
39 silly audit   'is-path-inside': [ '3.0.3' ],
39 silly audit   'is-promise': [ '4.0.0' ],
39 silly audit   'is-regex': [ '1.1.4' ],
39 silly audit   'is-set': [ '2.0.3' ],
39 silly audit   'is-shared-array-buffer': [ '1.0.3' ],
39 silly audit   'is-stream': [ '2.0.1' ],
39 silly audit   'is-string': [ '1.0.7' ],
39 silly audit   'is-symbol': [ '1.0.4' ],
39 silly audit   'is-typed-array': [ '1.1.13' ],
39 silly audit   'is-weakmap': [ '2.0.2' ],
39 silly audit   'is-weakref': [ '1.0.2' ],
39 silly audit   'is-weakset': [ '2.0.3' ],
39 silly audit   isarray: [ '2.0.5' ],
39 silly audit   'iterator.prototype': [ '1.1.3' ],
39 silly audit   jiti: [ '1.21.6' ],
39 silly audit   'js-tokens': [ '4.0.0' ],
39 silly audit   'js-yaml': [ '4.1.0' ],
39 silly audit   'json-buffer': [ '3.0.1' ],
39 silly audit   'json-schema-traverse': [ '0.4.1' ],
39 silly audit   'json-stable-stringify-without-jsonify': [ '1.0.1' ],
39 silly audit   json5: [ '1.0.2' ],
39 silly audit   'jsx-ast-utils': [ '3.3.5' ],
39 silly audit   keyv: [ '4.5.4' ],
39 silly audit   kleur: [ '4.1.5' ],
39 silly audit   'language-subtag-registry': [ '0.3.23' ],
39 silly audit   'language-tags': [ '1.0.9' ],
39 silly audit   levn: [ '0.4.1' ],
39 silly audit   lilconfig: [ '2.1.0', '3.1.2' ],
39 silly audit   'lines-and-columns': [ '1.2.4' ],
39 silly audit   'locate-path': [ '6.0.0' ],
39 silly audit   lodash: [ '4.17.21' ],
39 silly audit   'lodash.merge': [ '4.6.2' ],
39 silly audit   'loose-envify': [ '1.4.0' ],
39 silly audit   'lucide-react': [ '0.446.0' ],
39 silly audit   'math-intrinsics': [ '1.1.0' ],
39 silly audit   'media-typer': [ '1.1.0' ],
39 silly audit   'merge-descriptors': [ '2.0.0' ],
39 silly audit   'merge-stream': [ '2.0.0' ],
39 silly audit   merge2: [ '1.4.1' ],
39 silly audit   methods: [ '1.1.2' ],
39 silly audit   micromatch: [ '4.0.8' ],
39 silly audit   'mime-db': [ '1.54.0' ],
39 silly audit   'mime-types': [ '3.0.2' ],
39 silly audit   'mimic-fn': [ '2.1.0' ],
39 silly audit   miniflare: [ '4.20260701.0' ],
39 silly audit   minimist: [ '1.2.8' ],
39 silly audit   mkdirp: [ '1.0.4' ],
39 silly audit   mnemonist: [ '0.38.3' ],
39 silly audit   'motion-dom': [ '12.42.2' ],
39 silly audit   'motion-utils': [ '12.39.0' ],
39 silly audit   mz: [ '2.7.0' ],
39 silly audit   nanoid: [ '3.3.7' ],
39 silly audit   'natural-compare': [ '1.4.0' ],
39 silly audit   negotiator: [ '1.0.0' ],
39 silly audit   next: [ '14.2.35' ],
39 silly audit   'next-themes': [ '0.3.0' ],
39 silly audit   postcss: [ '8.4.31', '8.4.30' ],
39 silly audit   'node-releases': [ '2.0.18' ],
39 silly audit   'normalize-path': [ '3.0.0' ],
39 silly audit   'normalize-range': [ '0.1.2' ],
39 silly audit   'npm-run-path': [ '4.0.1' ],
39 silly audit   'object-assign': [ '4.1.1' ],
39 silly audit   'object-hash': [ '3.0.0' ],
39 silly audit   'object-inspect': [ '1.13.4' ],
39 silly audit   'object-is': [ '1.1.6' ],
39 silly audit   'object-keys': [ '1.1.1' ],
39 silly audit   'object-treeify': [ '1.1.33' ],
39 silly audit   'object.assign': [ '4.1.5' ],
39 silly audit   'object.entries': [ '1.1.8' ],
39 silly audit   'object.fromentries': [ '2.0.8' ],
39 silly audit   'object.groupby': [ '1.0.3' ],
39 silly audit   'object.values': [ '1.2.0' ],
39 silly audit   obliterator: [ '1.6.1' ],
39 silly audit   'on-finished': [ '2.4.1' ],
39 silly audit   once: [ '1.4.0' ],
39 silly audit   onetime: [ '5.1.2' ],
39 silly audit   optionator: [ '0.9.4' ],
39 silly audit   'p-limit': [ '3.1.0' ],
39 silly audit   'p-locate': [ '5.0.0' ],
39 silly audit   'package-json-from-dist': [ '1.0.1' ],
39 silly audit   'parent-module': [ '1.0.1' ],
39 silly audit   parseurl: [ '1.3.3' ],
39 silly audit   'path-exists': [ '4.0.0' ],
39 silly audit   'path-is-absolute': [ '1.0.1' ],
39 silly audit   'path-key': [ '3.1.1' ],
39 silly audit   'path-parse': [ '1.0.7' ],
39 silly audit   'path-to-regexp': [ '6.3.0', '8.4.2' ],
39 silly audit   'path-type': [ '4.0.0' ],
39 silly audit   pathe: [ '2.0.3' ],
39 silly audit   picocolors: [ '1.1.0' ],
39 silly audit   pify: [ '2.3.0' ],
39 silly audit   pirates: [ '4.0.6' ],
39 silly audit   'possible-typed-array-names': [ '1.0.0' ],
39 silly audit   'postcss-import': [ '15.1.0' ],
39 silly audit   'postcss-js': [ '4.0.1' ],
39 silly audit   'postcss-load-config': [ '4.0.2' ],
39 silly audit   'postcss-nested': [ '6.2.0' ],
39 silly audit   'postcss-selector-parser': [ '6.1.2' ],
39 silly audit   'postcss-value-parser': [ '4.2.0' ],
39 silly audit   'prelude-ls': [ '1.2.1' ],
39 silly audit   'prop-types': [ '15.8.1' ],
39 silly audit   'proxy-addr': [ '2.0.7' ],
39 silly audit   punycode: [ '2.3.1' ],
39 silly audit   'queue-microtask': [ '1.2.3' ],
39 silly audit   'range-parser': [ '1.2.1' ],
39 silly audit   'raw-body': [ '3.0.2' ],
39 silly audit   react: [ '18.2.0' ],
39 silly audit   'react-day-picker': [ '8.10.1' ],
39 silly audit   'react-dom': [ '18.2.0' ],
39 silly audit   'react-hook-form': [ '7.53.0' ],
39 silly audit   'react-is': [ '16.13.1' ],
39 silly audit   'react-remove-scroll-bar': [ '2.3.6' ],
39 silly audit   'react-resizable-panels': [ '2.1.4' ],
39 silly audit   'react-smooth': [ '4.0.1' ],
39 silly audit   'react-style-singleton': [ '2.2.1' ],
39 silly audit   'react-transition-group': [ '4.4.5' ],
39 silly audit   'read-cache': [ '1.0.0' ],
39 silly audit   readdirp: [ '3.6.0' ],
39 silly audit   recharts: [ '2.12.7' ],
39 silly audit   'recharts-scale': [ '0.4.5' ],
39 silly audit   'reflect.getprototypeof': [ '1.0.6' ],
39 silly audit   'regenerator-runtime': [ '0.14.1' ],
39 silly audit   'regexp.prototype.flags': [ '1.5.3' ],
39 silly audit   'resolve-from': [ '4.0.0' ],
39 silly audit   'resolve-pkg-maps': [ '1.0.0' ],
39 silly audit   reusify: [ '1.0.4' ],
39 silly audit   rimraf: [ '3.0.2' ],
39 silly audit   router: [ '2.2.0' ],
39 silly audit   'run-parallel': [ '1.2.0' ],
39 silly audit   'safe-array-concat': [ '1.1.2' ],
39 silly audit   'safe-buffer': [ '5.2.1' ],
39 silly audit   'safe-regex-test': [ '1.0.3' ],
39 silly audit   'safer-buffer': [ '2.1.2' ],
39 silly audit   scheduler: [ '0.23.2' ],
39 silly audit   send: [ '1.2.1' ],
39 silly audit   'serve-static': [ '2.2.1' ],
39 silly audit   'set-function-length': [ '1.2.2' ],
39 silly audit   'set-function-name': [ '2.0.2' ],
39 silly audit   setprototypeof: [ '1.2.0' ],
39 silly audit   sharp: [ '0.34.5' ],
39 silly audit   'shebang-command': [ '2.0.0' ],
39 silly audit   'shebang-regex': [ '3.0.0' ],
39 silly audit   'side-channel': [ '1.1.1' ],
39 silly audit   'side-channel-list': [ '1.0.1' ],
39 silly audit   'side-channel-map': [ '1.0.1' ],
39 silly audit   'side-channel-weakmap': [ '1.0.2' ],
39 silly audit   slash: [ '3.0.0' ],
39 silly audit   sonner: [ '1.5.0' ],
39 silly audit   'source-map': [ '0.6.1' ],
39 silly audit   'source-map-js': [ '1.2.1' ],
39 silly audit   'source-map-support': [ '0.5.21' ],
39 silly audit   'stop-iteration-iterator': [ '1.0.0' ],
39 silly audit   streamsearch: [ '1.1.0' ],
39 silly audit   'string-width': [ '5.1.2', '4.2.3' ],
39 silly audit   'string.prototype.includes': [ '2.0.0' ],
39 silly audit   'string.prototype.matchall': [ '4.0.11' ],
39 silly audit   'string.prototype.repeat': [ '1.0.0' ],
39 silly audit   'string.prototype.trim': [ '1.2.9' ],
39 silly audit   'string.prototype.trimend': [ '1.0.8' ],
39 silly audit   'string.prototype.trimstart': [ '1.0.8' ],
39 silly audit   'strip-bom': [ '3.0.0' ],
39 silly audit   'strip-final-newline': [ '2.0.0' ],
39 silly audit   'strip-json-comments': [ '3.1.1' ],
39 silly audit   strnum: [ '1.1.2' ],
39 silly audit   'styled-jsx': [ '5.1.1' ],
39 silly audit   sucrase: [ '3.35.0' ],
39 silly audit   'supports-preserve-symlinks-flag': [ '1.0.0' ],
39 silly audit   'tailwind-merge': [ '2.5.3' ],
39 silly audit   tailwindcss: [ '3.3.3' ],
39 silly audit   'tailwindcss-animate': [ '1.0.7' ],
39 silly audit   tapable: [ '2.2.1' ],
39 silly audit   terser: [ '5.16.9' ],
39 silly audit   'text-table': [ '0.2.0' ],
39 silly audit   thenify: [ '3.3.1' ],
39 silly audit   'thenify-all': [ '1.6.0' ],
39 silly audit   'tiny-invariant': [ '1.3.3' ],
39 silly audit   'to-regex-range': [ '5.0.1' ],
39 silly audit   toidentifier: [ '1.0.1' ],
39 silly audit   tr46: [ '0.0.3' ],
39 silly audit   'ts-api-utils': [ '1.3.0' ],
39 silly audit   'ts-interface-checker': [ '0.1.13' ],
39 silly audit   'tsconfig-paths': [ '3.15.0' ],
39 silly audit   'type-check': [ '0.4.0' ],
39 silly audit   'type-fest': [ '0.20.2' ],
39 silly audit   'type-is': [ '2.1.0' ],
39 silly audit   'typed-array-buffer': [ '1.0.2' ],
39 silly audit   'typed-array-byte-length': [ '1.0.1' ],
39 silly audit   'typed-array-byte-offset': [ '1.0.2' ],
39 silly audit   'typed-array-length': [ '1.0.6' ],
39 silly audit   typescript: [ '5.2.2' ],
39 silly audit   'unbox-primitive': [ '1.0.2' ],
39 silly audit   undici: [ '7.28.0' ],
39 silly audit   unenv: [ '2.0.0-rc.24' ],
39 silly audit   unpipe: [ '1.0.0' ],
39 silly audit   'update-browserslist-db': [ '1.1.1' ],
39 silly audit   'uri-js': [ '4.4.1' ],
39 silly audit   'urlpattern-polyfill': [ '10.1.0' ],
39 silly audit   'use-callback-ref': [ '1.3.2' ],
39 silly audit   'use-sidecar': [ '1.1.2' ],
39 silly audit   'util-deprecate': [ '1.0.2' ],
39 silly audit   'utils-merge': [ '1.0.1' ],
39 silly audit   uuid: [ '9.0.1' ],
39 silly audit   vary: [ '1.1.2' ],
39 silly audit   vaul: [ '0.9.9' ],
39 silly audit   'victory-vendor': [ '36.9.2' ],
39 silly audit   'webidl-conversions': [ '3.0.1' ],
39 silly audit   'whatwg-url': [ '5.0.0' ],
39 silly audit   'which-boxed-primitive': [ '1.0.2' ],
39 silly audit   'which-builtin-type': [ '1.1.4' ],
39 silly audit   'which-collection': [ '1.0.2' ],
39 silly audit   'which-typed-array': [ '1.1.15' ],
39 silly audit   'word-wrap': [ '1.2.5' ],
39 silly audit   workerd: [ '1.20260701.1' ],
39 silly audit   wrangler: [ '4.107.0' ],
39 silly audit   'wrap-ansi': [ '8.1.0', '7.0.0' ],
39 silly audit   wrappy: [ '1.0.2' ],
39 silly audit   ws: [ '8.21.0' ],
39 silly audit   yaml: [ '2.9.0' ],
39 silly audit   'yocto-queue': [ '0.1.0' ],
39 silly audit   youch: [ '4.1.0-beta.10' ],
39 silly audit   'youch-core': [ '0.3.3' ],
39 silly audit   zod: [ '3.23.8' ],
39 silly audit   '@playwright/test': [ '1.61.1' ],
39 silly audit   playwright: [ '1.61.1' ],
39 silly audit   'playwright-core': [ '1.61.1' ]
39 silly audit }
40 http cache @playwright/test@https://registry.npmjs.org/@playwright/test/-/test-1.61.1.tgz 0ms (cache hit)
41 http cache playwright-core@https://registry.npmjs.org/playwright-core/-/playwright-core-1.61.1.tgz 0ms (cache hit)
42 http cache playwright@https://registry.npmjs.org/playwright/-/playwright-1.61.1.tgz 0ms (cache hit)
43 silly tarball no local data for @playwright/test@https://registry.npmjs.org/@playwright/test/-/test-1.61.1.tgz. Extracting by manifest.
44 silly tarball no local data for playwright-core@https://registry.npmjs.org/playwright-core/-/playwright-core-1.61.1.tgz. Extracting by manifest.
45 silly tarball no local data for playwright@https://registry.npmjs.org/playwright/-/playwright-1.61.1.tgz. Extracting by manifest.
46 http fetch GET 200 https://registry.npmjs.org/@playwright/test/-/test-1.61.1.tgz 636ms (cache miss)
47 http fetch POST 200 https://registry.npmjs.org/-/npm/v1/security/advisories/bulk 1026ms
48 silly audit report {
48 silly audit report   '@babel/runtime': [
48 silly audit report     {
48 silly audit report       id: 1104000,
48 silly audit report       url: 'https://github.com/advisories/GHSA-968p-4wvh-cqc8',
48 silly audit report       title: 'Babel has inefficient RegExp complexity in generated code with .replace when transpiling named capturing groups',
48 silly audit report       severity: 'moderate',
48 silly audit report       vulnerable_versions: '<7.26.10',
48 silly audit report       cwe: [Array],
48 silly audit report       cvss: [Object]
48 silly audit report     }
48 silly audit report   ],
48 silly audit report   picomatch: [
48 silly audit report     {
48 silly audit report       id: 1115549,
48 silly audit report       url: 'https://github.com/advisories/GHSA-3v7f-55p6-f55p',
48 silly audit report       title: 'Picomatch: Method Injection in POSIX Character Classes causes incorrect Glob Matching',
48 silly audit report       severity: 'moderate',
48 silly audit report       vulnerable_versions: '<2.3.2',
48 silly audit report       cwe: [Array],
48 silly audit report       cvss: [Object]
48 silly audit report     },
48 silly audit report     {
48 silly audit report       id: 1115552,
48 silly audit report       url: 'https://github.com/advisories/GHSA-c2c7-rcm5-vvqj',
48 silly audit report       title: 'Picomatch has a ReDoS vulnerability via extglob quantifiers',
48 silly audit report       severity: 'high',
48 silly audit report       vulnerable_versions: '<2.3.2',
48 silly audit report       cwe: [Array],
48 silly audit report       cvss: [Object]
48 silly audit report     }
48 silly audit report   ],
48 silly audit report   'brace-expansion': [
48 silly audit report     {
48 silly audit report       id: 1105443,
48 silly audit report       url: 'https://github.com/advisories/GHSA-v6h2-p8h4-qcjw',
48 silly audit report       title: 'brace-expansion Regular Expression Denial of Service vulnerability',
48 silly audit report       severity: 'low',
48 silly audit report       vulnerable_versions: '>=1.0.0 <=1.1.11',
48 silly audit report       cwe: [Array],
48 silly audit report       cvss: [Object]
48 silly audit report     },
48 silly audit report     {
48 silly audit report       id: 1105444,
48 silly audit report       url: 'https://github.com/advisories/GHSA-v6h2-p8h4-qcjw',
48 silly audit report       title: 'brace-expansion Regular Expression Denial of Service vulnerability',
48 silly audit report       severity: 'low',
48 silly audit report       vulnerable_versions: '>=2.0.0 <=2.0.1',
48 silly audit report       cwe: [Array],
48 silly audit report       cvss: [Object]
48 silly audit report     },
48 silly audit report     {
48 silly audit report       id: 1115540,
48 silly audit report       url: 'https://github.com/advisories/GHSA-f886-m6hf-6m8v',
48 silly audit report       title: 'brace-expansion: Zero-step sequence causes process hang and memory exhaustion',
48 silly audit report       severity: 'moderate',
48 silly audit report       vulnerable_versions: '<1.1.13',
48 silly audit report       cwe: [Array],
48 silly audit report       cvss: [Object]
48 silly audit report     },
48 silly audit report     {
48 silly audit report       id: 1115541,
48 silly audit report       url: 'https://github.com/advisories/GHSA-f886-m6hf-6m8v',
48 silly audit report       title: 'brace-expansion: Zero-step sequence causes process hang and memory exhaustion',
48 silly audit report       severity: 'moderate',
48 silly audit report       vulnerable_versions: '>=2.0.0 <2.0.3',
48 silly audit report       cwe: [Array],
48 silly audit report       cvss: [Object]
48 silly audit report     }
48 silly audit report   ],
48 silly audit report   glob: [
48 silly audit report     {
48 silly audit report       id: 1109842,
48 silly audit report       url: 'https://github.com/advisories/GHSA-5j98-mcp5-4vw2',
48 silly audit report       title: 'glob CLI: Command injection via -c/--cmd executes matches with shell:true',
48 silly audit report       severity: 'high',
48 silly audit report       vulnerable_versions: '>=10.2.0 <10.5.0',
48 silly audit report       cwe: [Array],
48 silly audit report       cvss: [Object]
48 silly audit report     }
48 silly audit report   ],
48 silly audit report   minimatch: [
48 silly audit report     {
48 silly audit report       id: 1113459,
48 silly audit report       url: 'https://github.com/advisories/GHSA-3ppc-4f35-3m26',
48 silly audit report       title: 'minimatch has a ReDoS via repeated wildcards with non-matching literal in pattern',
48 silly audit report       severity: 'high',
48 silly audit report       vulnerable_versions: '<3.1.3',
48 silly audit report       cwe: [Array],
48 silly audit report       cvss: [Object]
48 silly audit report     },
48 silly audit report     {
48 silly audit report       id: 1113465,
48 silly audit report       url: 'https://github.com/advisories/GHSA-3ppc-4f35-3m26',
48 silly audit report       title: 'minimatch has a ReDoS via repeated wildcards with non-matching literal in pattern',
48 silly audit report       severity: 'high',
48 silly audit report       vulnerable_versions: '>=9.0.0 <9.0.6',
48 silly audit report       cwe: [Array],
48 silly audit report       cvss: [Object]
48 silly audit report     },
48 silly audit report     {
48 silly audit report       id: 1113538,
48 silly audit report       url: 'https://github.com/advisories/GHSA-7r86-cg39-jmmj',
48 silly audit report       title: 'minimatch has ReDoS: matchOne() combinatorial backtracking via multiple non-adjacent GLOBSTAR segments',
48 silly audit report       severity: 'high',
48 silly audit report       vulnerable_versions: '<3.1.3',
48 silly audit report       cwe: [Array],
48 silly audit report       cvss: [Object]
48 silly audit report     },
48 silly audit report     {
48 silly audit report       id: 1113544,
48 silly audit report       url: 'https://github.com/advisories/GHSA-7r86-cg39-jmmj',
48 silly audit report       title: 'minimatch has ReDoS: matchOne() combinatorial backtracking via multiple non-adjacent GLOBSTAR segments',
48 silly audit report       severity: 'high',
48 silly audit report       vulnerable_versions: '>=9.0.0 <9.0.7',
48 silly audit report       cwe: [Array],
48 silly audit report       cvss: [Object]
48 silly audit report     },
48 silly audit report     {
48 silly audit report       id: 1113546,
48 silly audit report       url: 'https://github.com/advisories/GHSA-23c5-xmqv-rm74',
48 silly audit report       title: 'minimatch ReDoS: nested *() extglobs generate catastrophically backtracking regular expressions',
48 silly audit report       severity: 'high',
48 silly audit report       vulnerable_versions: '<3.1.4',
48 silly audit report       cwe: [Array],
48 silly audit report       cvss: [Object]
48 silly audit report     },
48 silly audit report     {
48 silly audit report       id: 1113552,
48 silly audit report       url: 'https://github.com/advisories/GHSA-23c5-xmqv-rm74',
48 silly audit report       title: 'minimatch ReDoS: nested *() extglobs generate catastrophically backtracking regular expressions',
48 silly audit report       severity: 'high',
48 silly audit report       vulnerable_versions: '>=9.0.0 <9.0.7',
48 silly audit report       cwe: [Array],
48 silly audit report       cvss: [Object]
48 silly audit report     }
48 silly audit report   ],
48 silly audit report   '@opennextjs/cloudflare': [
48 silly audit report     {
48 silly audit report       id: 1105487,
48 silly audit report       url: 'https://github.com/advisories/GHSA-rvpw-p7vw-wj3m',
48 silly audit report       title: 'OpenNext for Cloudflare (opennextjs-cloudflare) has a SSRF vulnerability via /_next/image endpoint',
48 silly audit report       severity: 'high',
48 silly audit report       vulnerable_versions: '<1.3.0',
48 silly audit report       cwe: [Array],
48 silly audit report       cvss: [Object]
48 silly audit report     },
48 silly audit report     {
48 silly audit report       id: 1113991,
48 silly audit report       url: 'https://github.com/advisories/GHSA-c7mq-gh6q-6q7c',
48 silly audit report       title: 'opennextjs-cloudflare has SSRF vulnerability via /cdn-cgi/ path normalization bypass',
48 silly audit report       severity: 'high',
48 silly audit report       vulnerable_versions: '<1.17.1',
48 silly audit report       cwe: [Array],
48 silly audit report       cvss: [Object]
48 silly audit report     }
48 silly audit report   ],
48 silly audit report   '@smithy/config-resolver': [
48 silly audit report     {
48 silly audit report       id: 1111987,
48 silly audit report       url: 'https://github.com/advisories/GHSA-6475-r3vj-m8vf',
48 silly audit report       title: 'AWS SDK for JavaScript v3 adopted defense in depth enhancement for region parameter value',
48 silly audit report       severity: 'low',
48 silly audit report       vulnerable_versions: '<4.4.0',
48 silly audit report       cwe: [Array],
48 silly audit report       cvss: [Object]
48 silly audit report     }
48 silly audit report   ],
48 silly audit report   ajv: [
48 silly audit report     {
48 silly audit report       id: 1113714,
48 silly audit report       url: 'https://github.com/advisories/GHSA-2g4f-4pwh-qvx6',
48 silly audit report       title: 'ajv has ReDoS when using `$data` option',
48 silly audit report       severity: 'moderate',
48 silly audit report       vulnerable_versions: '<6.14.0',
48 silly audit report       cwe: [Array],
48 silly audit report       cvss: [Object]
48 silly audit report     }
48 silly audit report   ],
48 silly audit report   qs: [
48 silly audit report     {
48 silly audit report       id: 1119502,
48 silly audit report       url: 'https://github.com/advisories/GHSA-q8mj-m7cp-5q26',
48 silly audit report       title: 'qs has a remotely triggerable DoS: qs.stringify crashes with TypeError on null/undefined entries in comma-format arrays when encodeValuesOnly is set',
48 silly audit report       severity: 'moderate',
48 silly audit report       vulnerable_versions: '>=6.11.1 <=6.15.1',
48 silly audit report       cwe: [Array],
48 silly audit report       cvss: [Object]
48 silly audit report     },
48 silly audit report     {
48 silly audit report       id: 1113161,
48 silly audit report       url: 'https://github.com/advisories/GHSA-w7fw-mjwx-w883',
48 silly audit report       title: "qs's arrayLimit bypass in comma parsing allows denial of service",
48 silly audit report       severity: 'low',
48 silly audit report       vulnerable_versions: '>=6.7.0 <=6.14.1',
48 silly audit report       cwe: [Array],
48 silly audit report       cvss: [Object]
48 silly audit report     },
48 silly audit report     {
48 silly audit report       id: 1113719,
48 silly audit report       url: 'https://github.com/advisories/GHSA-6rw7-vpxm-498p',
48 silly audit report       title: "qs's arrayLimit bypass in its bracket notation allows DoS via memory exhaustion",
48 silly audit report       severity: 'moderate',
48 silly audit report       vulnerable_versions: '<6.14.1',
48 silly audit report       cwe: [Array],
48 silly audit report       cvss: [Object]
48 silly audit report     }
48 silly audit report   ],
48 silly audit report   esbuild: [
48 silly audit report     {
48 silly audit report       id: 1102341,
48 silly audit report       url: 'https://github.com/advisories/GHSA-67mh-4wv8-2f99',
48 silly audit report       title: 'esbuild enables any website to send any requests to the development server and read the response',
48 silly audit report       severity: 'moderate',
48 silly audit report       vulnerable_versions: '<=0.24.2',
48 silly audit report       cwe: [Array],
48 silly audit report       cvss: [Object]
48 silly audit report     }
48 silly audit report   ],
48 silly audit report   'fast-xml-parser': [
48 silly audit report     {
48 silly audit report       id: 1117911,
48 silly audit report       url: 'https://github.com/advisories/GHSA-gh4j-gqv2-49f6',
48 silly audit report       title: 'fast-xml-parser XMLBuilder: XML Comment and CDATA Injection via Unescaped Delimiters',
48 silly audit report       severity: 'moderate',
48 silly audit report       vulnerable_versions: '<5.7.0',
48 silly audit report       cwe: [Array],
48 silly audit report       cvss: [Object]
48 silly audit report     },
48 silly audit report     {
48 silly audit report       id: 1113567,
48 silly audit report       url: 'https://github.com/advisories/GHSA-m7jm-9gc2-mpf2',
48 silly audit report       title: 'fast-xml-parser has an entity encoding bypass via regex injection in DOCTYPE entity names',
48 silly audit report       severity: 'critical',
48 silly audit report       vulnerable_versions: '>=4.1.3 <4.5.4',
48 silly audit report       cwe: [Array],
48 silly audit report       cvss: [Object]
48 silly audit report     },
48 silly audit report     {
48 silly audit report       id: 1113570,
48 silly audit report       url: 'https://github.com/advisories/GHSA-jmr7-xgp7-cmfj',
48 silly audit report       title: 'fast-xml-parser affected by DoS through entity expansion in DOCTYPE (no expansion limit)',
48 silly audit report       severity: 'high',
48 silly audit report       vulnerable_versions: '>=4.1.3 <4.5.4',
48 silly audit report       cwe: [Array],
48 silly audit report       cvss: [Object]
48 silly audit report     },
48 silly audit report     {
48 silly audit report       id: 1114149,
48 silly audit report       url: 'https://github.com/advisories/GHSA-fj3w-jwp8-x2g3',
48 silly audit report       title: 'fast-xml-parser has stack overflow in XMLBuilder with preserveOrder',
48 silly audit report       severity: 'low',
48 silly audit report       vulnerable_versions: '>=4.0.0-beta.0 <4.5.4',
48 silly audit report       cwe: [Array],
48 silly audit report       cvss: [Object]
48 silly audit report     },
48 silly audit report     {
48 silly audit report       id: 1115338,
48 silly audit report       url: 'https://github.com/advisories/GHSA-8gc5-j5rx-235r',
48 silly audit report       title: 'fast-xml-parser affected by numeric entity expansion bypassing all entity expansion limits (incomplete fix for CVE-2026-26278)',
48 silly audit report       severity: 'high',
48 silly audit report       vulnerable_versions: '>=4.0.0-beta.3 <4.5.5',
48 silly audit report       cwe: [Array],
48 silly audit report       cvss: [Object]
48 silly audit report     },
48 silly audit report     {
48 silly audit report       id: 1116308,
48 silly audit report       url: 'https://github.com/advisories/GHSA-jp2q-39xq-3w4g',
48 silly audit report       title: 'Entity Expansion Limits Bypassed When Set to Zero Due to JavaScript Falsy Evaluation in fast-xml-parser',
48 silly audit report       severity: 'moderate',
48 silly audit report       vulnerable_versions: '>=4.0.0-beta.3 <4.5.5',
48 silly audit report       cwe: [Array],
48 silly audit report       cvss: [Object]
48 silly audit report     }
48 silly audit report   ],
48 silly audit report   flatted: [
48 silly audit report     {
48 silly audit report       id: 1114526,
48 silly audit report       url: 'https://github.com/advisories/GHSA-25h7-pfq9-p65f',
48 silly audit report       title: 'flatted vulnerable to unbounded recursion DoS in parse() revive phase',
48 silly audit report       severity: 'high',
48 silly audit report       vulnerable_versions: '<3.4.0',
48 silly audit report       cwe: [Array],
48 silly audit report       cvss: [Object]
48 silly audit report     },
48 silly audit report     {
48 silly audit report       id: 1115357,
48 silly audit report       url: 'https://github.com/advisories/GHSA-rf6f-7fwh-wjgh',
48 silly audit report       title: 'Prototype Pollution via parse() in NodeJS flatted',
48 silly audit report       severity: 'high',
48 silly audit report       vulnerable_versions: '<=3.4.1',
48 silly audit report       cwe: [Array],
48 silly audit report       cvss: [Object]
48 silly audit report     }
48 silly audit report   ],
48 silly audit report   'js-yaml': [
48 silly audit report     {
48 silly audit report       id: 1112715,
48 silly audit report       url: 'https://github.com/advisories/GHSA-mh29-5h37-fv8m',
48 silly audit report       title: 'js-yaml has prototype pollution in merge (<<)',
48 silly audit report       severity: 'moderate',
48 silly audit report       vulnerable_versions: '>=4.0.0 <4.1.1',
48 silly audit report       cwe: [Array],
48 silly audit report       cvss: [Object]
48 silly audit report     },
48 silly audit report     {
48 silly audit report       id: 1121860,
48 silly audit report       url: 'https://github.com/advisories/GHSA-h67p-54hq-rp68',
48 silly audit report       title: 'JS-YAML: Quadratic-complexity DoS in merge key handling via repeated aliases',
48 silly audit report       severity: 'moderate',
48 silly audit report       vulnerable_versions: '>=4.0.0 <=4.1.1',
48 silly audit report       cwe: [Array],
48 silly audit report       cvss: [Object]
48 silly audit report     }
48 silly audit report   ],
48 silly audit report   lodash: [
48 silly audit report     {
48 silly audit report       id: 1120370,
48 silly audit report       url: 'https://github.com/advisories/GHSA-xxjr-mmjv-4gpg',
48 silly audit report       title: 'Lodash has Prototype Pollution Vulnerability in `_.unset` and `_.omit` functions',
48 silly audit report       severity: 'moderate',
48 silly audit report       vulnerable_versions: '>=4.0.0 <=4.17.22',
48 silly audit report       cwe: [Array],
48 silly audit report       cvss: [Object]
48 silly audit report     },
48 silly audit report     {
48 silly audit report       id: 1115806,
48 silly audit report       url: 'https://github.com/advisories/GHSA-r5fr-rjxr-66jc',
48 silly audit report       title: 'lodash vulnerable to Code Injection via `_.template` imports key names',
48 silly audit report       severity: 'high',
48 silly audit report       vulnerable_versions: '>=4.0.0 <=4.17.23',
48 silly audit report       cwe: [Array],
48 silly audit report       cvss: [Object]
48 silly audit report     },
48 silly audit report     {
48 silly audit report       id: 1115810,
48 silly audit report       url: 'https://github.com/advisories/GHSA-f23m-r3pf-42rh',
48 silly audit report       title: 'lodash vulnerable to Prototype Pollution via array path bypass in `_.unset` and `_.omit`',
48 silly audit report       severity: 'moderate',
48 silly audit report       vulnerable_versions: '<=4.17.23',
48 silly audit report       cwe: [Array],
48 silly audit report       cvss: [Object]
48 silly audit report     }
48 silly audit report   ],
48 silly audit report   nanoid: [
48 silly audit report     {
48 silly audit report       id: 1109563,
48 silly audit report       url: 'https://github.com/advisories/GHSA-mwcw-c2x4-8c55',
48 silly audit report       title: 'Predictable results in nanoid generation when given non-integer values',
48 silly audit report       severity: 'moderate',
48 silly audit report       vulnerable_versions: '<3.3.8',
48 silly audit report       cwe: [Array],
48 silly audit report       cvss: [Object]
48 silly audit report     }
48 silly audit report   ],
48 silly audit report   next: [
48 silly audit report     {
48 silly audit report       id: 1117931,
48 silly audit report       url: 'https://github.com/advisories/GHSA-8h8q-6873-q5fj',
48 silly audit report       title: 'Next.js Vulnerable to Denial of Service with Server Components',
48 silly audit report       severity: 'high',
48 silly audit report       vulnerable_versions: '>=13.0.0 <15.5.16',
48 silly audit report       cwe: [Array],
48 silly audit report       cvss: [Object]
48 silly audit report     },
48 silly audit report     {
48 silly audit report       id: 1118942,
48 silly audit report       url: 'https://github.com/advisories/GHSA-3g8h-86w9-wvmq',
48 silly audit report       title: "Next.js's Middleware / Proxy redirects can be cache-poisoned",
48 silly audit report       severity: 'low',
48 silly audit report       vulnerable_versions: '>=12.2.0 <15.5.16',
48 silly audit report       cwe: [Array],
48 silly audit report       cvss: [Object]
48 silly audit report     },
48 silly audit report     {
48 silly audit report       id: 1118944,
48 silly audit report       url: 'https://github.com/advisories/GHSA-ffhc-5mcf-pf4q',
48 silly audit report       title: 'Next.js vulnerable to cross-site scripting in App Router applications using CSP nonces',
48 silly audit report       severity: 'moderate',
48 silly audit report       vulnerable_versions: '>=13.4.0 <15.5.16',
48 silly audit report       cwe: [Array],
48 silly audit report       cvss: [Object]
48 silly audit report     },
48 silly audit report     {
48 silly audit report       id: 1118946,
48 silly audit report       url: 'https://github.com/advisories/GHSA-vfv6-92ff-j949',
48 silly audit report       title: 'Next.js vulnerable to cache poisoning via collisions in React Server Component cache-busting',
48 silly audit report       severity: 'low',
48 silly audit report       vulnerable_versions: '>=13.4.6 <15.5.16',
48 silly audit report       cwe: [Array],
48 silly audit report       cvss: [Object]
48 silly audit report     },
48 silly audit report     {
48 silly audit report       id: 1118948,
48 silly audit report       url: 'https://github.com/advisories/GHSA-gx5p-jg67-6x7h',
48 silly audit report       title: 'Next.js has cross-site scripting in beforeInteractive scripts with untrusted input',
48 silly audit report       severity: 'moderate',
48 silly audit report       vulnerable_versions: '>=13.0.0 <15.5.16',
48 silly audit report       cwe: [Array],
48 silly audit report       cvss: [Object]
48 silly audit report     },
48 silly audit report     {
48 silly audit report       id: 1118952,
48 silly audit report       url: 'https://github.com/advisories/GHSA-h64f-5h5j-jqjh',
48 silly audit report       title: 'Next.js has a Denial of Service in the Image Optimization API',
48 silly audit report       severity: 'moderate',
48 silly audit report       vulnerable_versions: '>=10.0.0 <15.5.16',
48 silly audit report       cwe: [Array],
48 silly audit report       cvss: [Object]
48 silly audit report     },
48 silly audit report     {
48 silly audit report       id: 1118954,
48 silly audit report       url: 'https://github.com/advisories/GHSA-c4j6-fc7j-m34r',
48 silly audit report       title: 'Next.js vulnerable to server-side request forgery in applications using WebSocket upgrades',
48 silly audit report       severity: 'high',
48 silly audit report       vulnerable_versions: '>=13.4.13 <15.5.16',
48 silly audit report       cwe: [Array],
48 silly audit report       cvss: [Object]
48 silly audit report     },
48 silly audit report     {
48 silly audit report       id: 1118958,
48 silly audit report       url: 'https://github.com/advisories/GHSA-wfc6-r584-vfw7',
48 silly audit report       title: 'Next.js vulnerable to cache poisoning in React Server Component responses',
48 silly audit report       severity: 'moderate',
48 silly audit report       vulnerable_versions: '>=14.2.0 <15.5.16',
48 silly audit report       cwe: [Array],
48 silly audit report       cvss: [Object]
48 silly audit report     },
48 silly audit report     {
48 silly audit report       id: 1118962,
48 silly audit report       url: 'https://github.com/advisories/GHSA-36qx-fr4f-26g5',
48 silly audit report       title: 'Next.js has a Middleware / Proxy bypass in Pages Router applications using i18n',
48 silly audit report       severity: 'high',
48 silly audit report       vulnerable_versions: '>=12.2.0 <15.5.16',
48 silly audit report       cwe: [Array],
48 silly audit report       cvss: [Object]
48 silly audit report     },
48 silly audit report     {
48 silly audit report       id: 1112593,
48 silly audit report       url: 'https://github.com/advisories/GHSA-9g9p-9gw9-jx7f',
48 silly audit report       title: 'Next.js self-hosted applications vulnerable to DoS via Image Optimizer remotePatterns configuration',
48 silly audit report       severity: 'moderate',
48 silly audit report       vulnerable_versions: '>=10.0.0 <15.5.10',
48 silly audit report       cwe: [Array],
48 silly audit report       cvss: [Object]
48 silly audit report     },
48 silly audit report     {
48 silly audit report       id: 1112653,
48 silly audit report       url: 'https://github.com/advisories/GHSA-h25m-26qc-wcjf',
48 silly audit report       title: 'Next.js HTTP request deserialization can lead to DoS when using insecure React Server Components',
48 silly audit report       severity: 'high',
48 silly audit report       vulnerable_versions: '>=13.0.0 <15.0.8',
48 silly audit report       cwe: [Array],
48 silly audit report       cvss: [Object]
48 silly audit report     },
48 silly audit report     {
48 silly audit report       id: 1114897,
48 silly audit report       url: 'https://github.com/advisories/GHSA-ggv3-7p47-pfv8',
48 silly audit report       title: 'Next.js: HTTP request smuggling in rewrites',
48 silly audit report       severity: 'moderate',
48 silly audit report       vulnerable_versions: '>=9.5.0 <15.5.13',
48 silly audit report       cwe: [Array],
48 silly audit report       cvss: [Object]
48 silly audit report     },
48 silly audit report     {
48 silly audit report       id: 1114940,
48 silly audit report       url: 'https://github.com/advisories/GHSA-3x4c-7xq6-9pq8',
48 silly audit report       title: 'Next.js: Unbounded next/image disk cache growth can exhaust storage',
48 silly audit report       severity: 'moderate',
48 silly audit report       vulnerable_versions: '>=10.0.0 <15.5.14',
48 silly audit report       cwe: [Array],
48 silly audit report       cvss: [Object]
48 silly audit report     },
48 silly audit report     {
48 silly audit report       id: 1116376,
48 silly audit report       url: 'https://github.com/advisories/GHSA-q4gf-8mx6-v5v3',
48 silly audit report       title: 'Next.js has a Denial of Service with Server Components',
48 silly audit report       severity: 'high',
48 silly audit report       vulnerable_versions: '>=13.0.0 <15.5.15',
48 silly audit report       cwe: [Array],
48 silly audit report       cvss: [Object]
48 silly audit report     }
48 silly audit report   ],
48 silly audit report   postcss: [
48 silly audit report     {
48 silly audit report       id: 1109574,
48 silly audit report       url: 'https://github.com/advisories/GHSA-7fh5-64p2-3v2j',
48 silly audit report       title: 'PostCSS line return parsing error',
48 silly audit report       severity: 'moderate',
48 silly audit report       vulnerable_versions: '<8.4.31',
48 silly audit report       cwe: [Array],
48 silly audit report       cvss: [Object]
48 silly audit report     },
48 silly audit report     {
48 silly audit report       id: 1117015,
48 silly audit report       url: 'https://github.com/advisories/GHSA-qx2v-qp2m-jg93',
48 silly audit report       title: 'PostCSS has XSS via Unescaped </style> in its CSS Stringify Output',
48 silly audit report       severity: 'moderate',
48 silly audit report       vulnerable_versions: '<8.5.10',
48 silly audit report       cwe: [Array],
48 silly audit report       cvss: [Object]
48 silly audit report     }
48 silly audit report   ],
48 silly audit report   uuid: [
48 silly audit report     {
48 silly audit report       id: 1119441,
48 silly audit report       url: 'https://github.com/advisories/GHSA-w5hq-g745-h8pq',
48 silly audit report       title: 'uuid: Missing buffer bounds check in v3/v5/v6 when buf is provided',
48 silly audit report       severity: 'moderate',
48 silly audit report       vulnerable_versions: '<11.1.1',
48 silly audit report       cwe: [Array],
48 silly audit report       cvss: [Object]
48 silly audit report     }
48 silly audit report   ]
48 silly audit report }
49 silly packumentCache corgi:https://registry.npmjs.org/@babel%2fruntime cache-miss
50 silly packumentCache corgi:https://registry.npmjs.org/picomatch cache-miss
51 silly packumentCache corgi:https://registry.npmjs.org/brace-expansion cache-miss
52 silly packumentCache corgi:https://registry.npmjs.org/glob cache-miss
53 silly packumentCache corgi:https://registry.npmjs.org/minimatch cache-miss
54 silly packumentCache corgi:https://registry.npmjs.org/@opennextjs%2fcloudflare cache-miss
55 silly packumentCache corgi:https://registry.npmjs.org/@smithy%2fconfig-resolver cache-miss
56 silly packumentCache corgi:https://registry.npmjs.org/ajv cache-miss
57 silly packumentCache corgi:https://registry.npmjs.org/qs cache-miss
58 silly packumentCache corgi:https://registry.npmjs.org/esbuild cache-miss
59 silly packumentCache corgi:https://registry.npmjs.org/fast-xml-parser cache-miss
60 silly packumentCache corgi:https://registry.npmjs.org/flatted cache-miss
61 silly packumentCache corgi:https://registry.npmjs.org/js-yaml cache-miss
62 silly packumentCache corgi:https://registry.npmjs.org/lodash cache-miss
63 silly packumentCache corgi:https://registry.npmjs.org/nanoid cache-miss
64 silly packumentCache corgi:https://registry.npmjs.org/next cache-miss
65 silly packumentCache corgi:https://registry.npmjs.org/postcss cache-miss
66 silly packumentCache corgi:https://registry.npmjs.org/uuid cache-miss
67 http fetch GET 200 https://registry.npmjs.org/picomatch 3990ms (cache miss)
68 silly packumentCache corgi:https://registry.npmjs.org/picomatch set size:undefined disposed:false
69 http fetch GET 200 https://registry.npmjs.org/lodash 15308ms (cache miss)
70 silly packumentCache corgi:https://registry.npmjs.org/lodash set size:undefined disposed:false
71 http fetch GET 200 https://registry.npmjs.org/@babel%2fruntime 15465ms (cache miss)
72 silly packumentCache corgi:https://registry.npmjs.org/@babel%2fruntime set size:undefined disposed:false
73 http fetch GET https://registry.npmjs.org/glob attempt 1 failed with ECONNRESET
74 http fetch GET https://registry.npmjs.org/brace-expansion attempt 1 failed with ECONNRESET
75 http fetch GET https://registry.npmjs.org/qs attempt 1 failed with ECONNRESET
76 http fetch GET https://registry.npmjs.org/@opennextjs%2fcloudflare attempt 1 failed with ECONNRESET
77 http fetch GET https://registry.npmjs.org/minimatch attempt 1 failed with ECONNRESET
78 http fetch GET https://registry.npmjs.org/@smithy%2fconfig-resolver attempt 1 failed with ECONNRESET
79 http fetch GET https://registry.npmjs.org/ajv attempt 1 failed with ECONNRESET
80 http fetch GET https://registry.npmjs.org/esbuild attempt 1 failed with ECONNRESET
81 http fetch GET https://registry.npmjs.org/flatted attempt 1 failed with ECONNRESET
82 http fetch GET https://registry.npmjs.org/fast-xml-parser attempt 1 failed with ECONNRESET
83 http fetch GET https://registry.npmjs.org/js-yaml attempt 1 failed with ECONNRESET
84 http fetch GET 200 https://registry.npmjs.org/nanoid 26322ms (cache miss)
85 silly packumentCache corgi:https://registry.npmjs.org/nanoid set size:undefined disposed:false
86 http fetch GET 200 https://registry.npmjs.org/postcss 33794ms (cache miss)
87 silly packumentCache corgi:https://registry.npmjs.org/postcss set size:undefined disposed:false
88 http fetch GET 200 https://registry.npmjs.org/uuid 37050ms (cache miss)
89 silly packumentCache corgi:https://registry.npmjs.org/uuid set size:undefined disposed:false
90 http fetch GET 200 https://registry.npmjs.org/brace-expansion 55502ms attempt #2 (cache miss)
91 silly packumentCache corgi:https://registry.npmjs.org/brace-expansion set size:undefined disposed:false
92 http fetch GET 200 https://registry.npmjs.org/flatted 61228ms attempt #2 (cache miss)
93 silly packumentCache corgi:https://registry.npmjs.org/flatted set size:undefined disposed:false
94 http fetch GET 200 https://registry.npmjs.org/@smithy%2fconfig-resolver 62953ms attempt #2 (cache miss)
95 silly packumentCache corgi:https://registry.npmjs.org/@smithy%2fconfig-resolver set size:undefined disposed:false
96 http fetch GET 200 https://registry.npmjs.org/qs 65907ms attempt #2 (cache miss)
97 silly packumentCache corgi:https://registry.npmjs.org/qs set size:undefined disposed:false
98 http fetch GET 200 https://registry.npmjs.org/js-yaml 67343ms attempt #2 (cache miss)
99 silly packumentCache corgi:https://registry.npmjs.org/js-yaml set size:undefined disposed:false
100 http fetch GET 200 https://registry.npmjs.org/@opennextjs%2fcloudflare 67354ms attempt #2 (cache miss)
101 silly packumentCache corgi:https://registry.npmjs.org/@opennextjs%2fcloudflare set size:undefined disposed:false
102 http fetch GET 200 https://registry.npmjs.org/glob 68328ms attempt #2 (cache miss)
103 silly packumentCache corgi:https://registry.npmjs.org/glob set size:undefined disposed:false
104 http fetch GET 200 https://registry.npmjs.org/ajv 70617ms attempt #2 (cache miss)
105 silly packumentCache corgi:https://registry.npmjs.org/ajv set size:undefined disposed:false
106 http fetch GET 200 https://registry.npmjs.org/minimatch 71863ms attempt #2 (cache miss)
107 silly packumentCache corgi:https://registry.npmjs.org/minimatch set size:undefined disposed:false
108 http fetch GET 200 https://registry.npmjs.org/fast-xml-parser 75682ms attempt #2 (cache miss)
109 silly packumentCache corgi:https://registry.npmjs.org/fast-xml-parser set size:undefined disposed:false
110 http fetch GET 200 https://registry.npmjs.org/playwright/-/playwright-1.61.1.tgz 83809ms (cache miss)
111 http fetch GET 200 https://registry.npmjs.org/esbuild 83232ms attempt #2 (cache miss)
112 silly packumentCache corgi:https://registry.npmjs.org/esbuild set size:undefined disposed:false
113 http fetch GET 200 https://registry.npmjs.org/next 91069ms (cache miss)
114 silly packumentCache corgi:https://registry.npmjs.org/next set size:undefined disposed:false
115 silly packumentCache corgi:https://registry.npmjs.org/@radix-ui%2fprimitive cache-miss
116 silly packumentCache corgi:https://registry.npmjs.org/@radix-ui%2freact-compose-refs cache-miss
117 silly packumentCache corgi:https://registry.npmjs.org/@radix-ui%2freact-context cache-miss
118 silly packumentCache corgi:https://registry.npmjs.org/@radix-ui%2freact-dialog cache-miss
119 silly packumentCache corgi:https://registry.npmjs.org/@radix-ui%2freact-dismissable-layer cache-miss
120 silly packumentCache corgi:https://registry.npmjs.org/@radix-ui%2freact-focus-guards cache-miss
121 silly packumentCache corgi:https://registry.npmjs.org/@radix-ui%2freact-focus-scope cache-miss
122 silly packumentCache corgi:https://registry.npmjs.org/@radix-ui%2freact-id cache-miss
123 silly packumentCache corgi:https://registry.npmjs.org/@radix-ui%2freact-portal cache-miss
124 silly packumentCache corgi:https://registry.npmjs.org/@radix-ui%2freact-presence cache-miss
125 silly packumentCache corgi:https://registry.npmjs.org/@radix-ui%2freact-primitive cache-miss
126 silly packumentCache corgi:https://registry.npmjs.org/@radix-ui%2freact-slot cache-miss
127 silly packumentCache corgi:https://registry.npmjs.org/@radix-ui%2freact-use-callback-ref cache-miss
128 silly packumentCache corgi:https://registry.npmjs.org/@radix-ui%2freact-use-controllable-state cache-miss
129 silly packumentCache corgi:https://registry.npmjs.org/@radix-ui%2freact-use-escape-keydown cache-miss
130 silly packumentCache corgi:https://registry.npmjs.org/@radix-ui%2freact-use-layout-effect cache-miss
131 silly packumentCache corgi:https://registry.npmjs.org/dom-helpers cache-miss
132 silly packumentCache corgi:https://registry.npmjs.org/react-transition-group cache-miss
133 http fetch GET 200 https://registry.npmjs.org/@radix-ui%2fprimitive 1656ms (cache miss)
134 silly packumentCache corgi:https://registry.npmjs.org/@radix-ui%2fprimitive set size:undefined disposed:false
135 http fetch GET 200 https://registry.npmjs.org/@radix-ui%2freact-use-callback-ref 2033ms (cache miss)
136 silly packumentCache corgi:https://registry.npmjs.org/@radix-ui%2freact-use-callback-ref set size:undefined disposed:false
137 http fetch GET 200 https://registry.npmjs.org/@radix-ui%2freact-use-escape-keydown 3724ms (cache miss)
138 silly packumentCache corgi:https://registry.npmjs.org/@radix-ui%2freact-use-escape-keydown set size:undefined disposed:false
139 http fetch GET 200 https://registry.npmjs.org/@radix-ui%2freact-use-layout-effect 5876ms (cache miss)
140 silly packumentCache corgi:https://registry.npmjs.org/@radix-ui%2freact-use-layout-effect set size:undefined disposed:false
141 http fetch GET 200 https://registry.npmjs.org/dom-helpers 8296ms (cache miss)
142 silly packumentCache corgi:https://registry.npmjs.org/dom-helpers set size:undefined disposed:false
143 http fetch GET 200 https://registry.npmjs.org/@radix-ui%2freact-slot 8674ms (cache miss)
144 silly packumentCache corgi:https://registry.npmjs.org/@radix-ui%2freact-slot set size:undefined disposed:false
145 http fetch GET 200 https://registry.npmjs.org/@radix-ui%2freact-use-controllable-state 8871ms (cache miss)
146 silly packumentCache corgi:https://registry.npmjs.org/@radix-ui%2freact-use-controllable-state set size:undefined disposed:false
147 http fetch GET 200 https://registry.npmjs.org/@radix-ui%2freact-context 9350ms (cache miss)
148 silly packumentCache corgi:https://registry.npmjs.org/@radix-ui%2freact-context set size:undefined disposed:false
149 http fetch GET 200 https://registry.npmjs.org/@radix-ui%2freact-presence 9521ms (cache miss)
150 silly packumentCache corgi:https://registry.npmjs.org/@radix-ui%2freact-presence set size:undefined disposed:false
151 http fetch GET 200 https://registry.npmjs.org/@radix-ui%2freact-portal 9739ms (cache miss)
152 silly packumentCache corgi:https://registry.npmjs.org/@radix-ui%2freact-portal set size:undefined disposed:false
153 http fetch GET 200 https://registry.npmjs.org/react-transition-group 11625ms (cache miss)
154 silly packumentCache corgi:https://registry.npmjs.org/react-transition-group set size:undefined disposed:false
155 http fetch GET 200 https://registry.npmjs.org/@radix-ui%2freact-id 11654ms (cache miss)
156 silly packumentCache corgi:https://registry.npmjs.org/@radix-ui%2freact-id set size:undefined disposed:false
157 http fetch GET 200 https://registry.npmjs.org/@radix-ui%2freact-primitive 11657ms (cache miss)
158 silly packumentCache corgi:https://registry.npmjs.org/@radix-ui%2freact-primitive set size:undefined disposed:false
159 http fetch GET 200 https://registry.npmjs.org/@radix-ui%2freact-focus-guards 11717ms (cache miss)
160 silly packumentCache corgi:https://registry.npmjs.org/@radix-ui%2freact-focus-guards set size:undefined disposed:false
161 http fetch GET 200 https://registry.npmjs.org/@radix-ui%2freact-compose-refs 12354ms (cache miss)
162 silly packumentCache corgi:https://registry.npmjs.org/@radix-ui%2freact-compose-refs set size:undefined disposed:false
163 http fetch GET 200 https://registry.npmjs.org/@radix-ui%2freact-dismissable-layer 13084ms (cache miss)
164 silly packumentCache corgi:https://registry.npmjs.org/@radix-ui%2freact-dismissable-layer set size:undefined disposed:false
165 http fetch GET 200 https://registry.npmjs.org/@radix-ui%2freact-focus-scope 13469ms (cache miss)
166 silly packumentCache corgi:https://registry.npmjs.org/@radix-ui%2freact-focus-scope set size:undefined disposed:false
167 http fetch GET 200 https://registry.npmjs.org/@radix-ui%2freact-dialog 13749ms (cache miss)
168 silly packumentCache corgi:https://registry.npmjs.org/@radix-ui%2freact-dialog set size:undefined disposed:false
169 silly packumentCache corgi:https://registry.npmjs.org/anymatch cache-miss
170 silly packumentCache corgi:https://registry.npmjs.org/micromatch cache-miss
171 silly packumentCache corgi:https://registry.npmjs.org/readdirp cache-miss
172 http fetch GET 200 https://registry.npmjs.org/anymatch 734ms (cache miss)
173 silly packumentCache corgi:https://registry.npmjs.org/anymatch set size:undefined disposed:false
174 http fetch GET 200 https://registry.npmjs.org/micromatch 1481ms (cache miss)
175 silly packumentCache corgi:https://registry.npmjs.org/micromatch set size:undefined disposed:false
176 http fetch GET 200 https://registry.npmjs.org/readdirp 1482ms (cache miss)
177 silly packumentCache corgi:https://registry.npmjs.org/readdirp set size:undefined disposed:false
178 silly packumentCache corgi:https://registry.npmjs.org/sucrase cache-miss
179 http fetch GET 200 https://registry.npmjs.org/sucrase 2906ms (cache miss)
180 silly packumentCache corgi:https://registry.npmjs.org/sucrase set size:undefined disposed:false
181 silly packumentCache corgi:https://registry.npmjs.org/@eslint%2feslintrc cache-miss
182 silly packumentCache corgi:https://registry.npmjs.org/@humanwhocodes%2fconfig-array cache-miss
183 silly packumentCache corgi:https://registry.npmjs.org/eslint cache-miss
184 silly packumentCache corgi:https://registry.npmjs.org/eslint-plugin-import cache-miss
185 silly packumentCache corgi:https://registry.npmjs.org/eslint-plugin-jsx-a11y cache-miss
186 silly packumentCache corgi:https://registry.npmjs.org/eslint-plugin-react cache-miss
187 http fetch GET 200 https://registry.npmjs.org/eslint-plugin-jsx-a11y 1583ms (cache miss)
188 silly packumentCache corgi:https://registry.npmjs.org/eslint-plugin-jsx-a11y set size:undefined disposed:false
189 http fetch GET 200 https://registry.npmjs.org/eslint 1596ms (cache miss)
190 silly packumentCache corgi:https://registry.npmjs.org/eslint set size:undefined disposed:false
191 http fetch GET 200 https://registry.npmjs.org/eslint-plugin-import 1645ms (cache miss)
192 silly packumentCache corgi:https://registry.npmjs.org/eslint-plugin-import set size:undefined disposed:false
193 http fetch GET 200 https://registry.npmjs.org/@humanwhocodes%2fconfig-array 1666ms (cache miss)
194 silly packumentCache corgi:https://registry.npmjs.org/@humanwhocodes%2fconfig-array set size:undefined disposed:false
195 http fetch GET 200 https://registry.npmjs.org/@eslint%2feslintrc 1712ms (cache miss)
196 silly packumentCache corgi:https://registry.npmjs.org/@eslint%2feslintrc set size:undefined disposed:false
197 http fetch GET 200 https://registry.npmjs.org/eslint-plugin-react 4787ms (cache miss)
198 silly packumentCache corgi:https://registry.npmjs.org/eslint-plugin-react set size:undefined disposed:false
199 silly packumentCache corgi:https://registry.npmjs.org/@typescript-eslint%2ftypescript-estree cache-miss
200 http fetch GET 200 https://registry.npmjs.org/playwright-core/-/playwright-core-1.61.1.tgz 127665ms (cache miss)
201 http fetch GET 200 https://registry.npmjs.org/@typescript-eslint%2ftypescript-estree 26443ms (cache miss)
202 silly packumentCache corgi:https://registry.npmjs.org/@typescript-eslint%2ftypescript-estree set size:undefined disposed:false
203 silly packumentCache corgi:https://registry.npmjs.org/@aws-sdk%2fclient-cloudfront cache-miss
204 silly packumentCache corgi:https://registry.npmjs.org/@aws-sdk%2fclient-sso cache-miss
205 silly packumentCache corgi:https://registry.npmjs.org/@aws-sdk%2fclient-sts cache-miss
206 silly packumentCache corgi:https://registry.npmjs.org/@aws-sdk%2ftoken-providers cache-miss
207 silly packumentCache corgi:https://registry.npmjs.org/@smithy%2futil-defaults-mode-node cache-miss
208 http fetch GET 200 https://registry.npmjs.org/@aws-sdk%2ftoken-providers 2183ms (cache miss)
209 silly packumentCache corgi:https://registry.npmjs.org/@aws-sdk%2ftoken-providers set size:undefined disposed:false
210 http fetch GET 200 https://registry.npmjs.org/@smithy%2futil-defaults-mode-node 2205ms (cache miss)
211 silly packumentCache corgi:https://registry.npmjs.org/@smithy%2futil-defaults-mode-node set size:undefined disposed:false
212 http fetch GET 200 https://registry.npmjs.org/@aws-sdk%2fclient-sso 8383ms (cache miss)
213 silly packumentCache corgi:https://registry.npmjs.org/@aws-sdk%2fclient-sso set size:undefined disposed:false
214 http fetch GET 200 https://registry.npmjs.org/@aws-sdk%2fclient-sts 8430ms (cache miss)
215 silly packumentCache corgi:https://registry.npmjs.org/@aws-sdk%2fclient-sts set size:undefined disposed:false
216 http fetch GET 200 https://registry.npmjs.org/@aws-sdk%2fclient-cloudfront 16852ms (cache miss)
217 silly packumentCache corgi:https://registry.npmjs.org/@aws-sdk%2fclient-cloudfront set size:undefined disposed:false
218 silly packumentCache corgi:https://registry.npmjs.org/express cache-miss
219 http fetch GET 200 https://registry.npmjs.org/express 3605ms (cache miss)
220 silly packumentCache corgi:https://registry.npmjs.org/express set size:undefined disposed:false
221 silly packumentCache corgi:https://registry.npmjs.org/@opennextjs%2faws cache-miss
222 http fetch GET 200 https://registry.npmjs.org/@opennextjs%2faws 4818ms (cache miss)
223 silly packumentCache corgi:https://registry.npmjs.org/@opennextjs%2faws set size:undefined disposed:false
224 silly packumentCache corgi:https://registry.npmjs.org/flat-cache cache-miss
225 http fetch GET 200 https://registry.npmjs.org/flat-cache 3130ms (cache miss)
226 silly packumentCache corgi:https://registry.npmjs.org/flat-cache set size:undefined disposed:false
227 silly packumentCache corgi:https://registry.npmjs.org/recharts cache-miss
228 http fetch GET 200 https://registry.npmjs.org/recharts 5546ms (cache miss)
229 silly packumentCache corgi:https://registry.npmjs.org/recharts set size:undefined disposed:false
230 silly packumentCache corgi:https://registry.npmjs.org/autoprefixer cache-miss
231 silly packumentCache corgi:https://registry.npmjs.org/postcss-import cache-miss
232 silly packumentCache corgi:https://registry.npmjs.org/postcss-js cache-miss
233 silly packumentCache corgi:https://registry.npmjs.org/postcss-load-config cache-miss
234 silly packumentCache corgi:https://registry.npmjs.org/postcss-nested cache-miss
235 silly packumentCache corgi:https://registry.npmjs.org/tailwindcss cache-miss
236 http fetch GET 200 https://registry.npmjs.org/postcss-js 528ms (cache miss)
237 silly packumentCache corgi:https://registry.npmjs.org/postcss-js set size:undefined disposed:false
238 http fetch GET 200 https://registry.npmjs.org/postcss-import 539ms (cache miss)
239 silly packumentCache corgi:https://registry.npmjs.org/postcss-import set size:undefined disposed:false
240 http fetch GET 200 https://registry.npmjs.org/postcss-load-config 616ms (cache miss)
241 silly packumentCache corgi:https://registry.npmjs.org/postcss-load-config set size:undefined disposed:false
242 http fetch GET 200 https://registry.npmjs.org/postcss-nested 638ms (cache miss)
243 silly packumentCache corgi:https://registry.npmjs.org/postcss-nested set size:undefined disposed:false
244 http fetch GET 200 https://registry.npmjs.org/autoprefixer 3203ms (cache miss)
245 silly packumentCache corgi:https://registry.npmjs.org/autoprefixer set size:undefined disposed:false
246 http fetch GET 200 https://registry.npmjs.org/tailwindcss 19747ms (cache miss)
247 silly packumentCache corgi:https://registry.npmjs.org/tailwindcss set size:undefined disposed:false
248 silly packumentCache corgi:https://registry.npmjs.org/@smithy%2fmiddleware-retry cache-miss
249 http fetch GET 200 https://registry.npmjs.org/@smithy%2fmiddleware-retry 2030ms (cache miss)
250 silly packumentCache corgi:https://registry.npmjs.org/@smithy%2fmiddleware-retry set size:undefined disposed:false
251 silly packumentCache corgi:https://registry.npmjs.org/@typescript-eslint%2fparser cache-miss
252 http fetch GET 200 https://registry.npmjs.org/@typescript-eslint%2fparser 23828ms (cache miss)
253 silly packumentCache corgi:https://registry.npmjs.org/@typescript-eslint%2fparser set size:undefined disposed:false
254 silly packumentCache corgi:https://registry.npmjs.org/@aws-sdk%2fcredential-provider-sso cache-miss
255 http fetch GET 200 https://registry.npmjs.org/@aws-sdk%2fcredential-provider-sso 1178ms (cache miss)
256 silly packumentCache corgi:https://registry.npmjs.org/@aws-sdk%2fcredential-provider-sso set size:undefined disposed:false
257 silly packumentCache corgi:https://registry.npmjs.org/eslint-config-next cache-miss
258 http fetch GET 200 https://registry.npmjs.org/eslint-config-next 4607ms (cache miss)
259 silly packumentCache corgi:https://registry.npmjs.org/eslint-config-next set size:undefined disposed:false
260 silly packumentCache corgi:https://registry.npmjs.org/@aws-sdk%2fcredential-provider-ini cache-miss
261 silly packumentCache corgi:https://registry.npmjs.org/@aws-sdk%2fcredential-provider-node cache-miss
262 http fetch GET 200 https://registry.npmjs.org/@aws-sdk%2fcredential-provider-ini 1786ms (cache miss)
263 silly packumentCache corgi:https://registry.npmjs.org/@aws-sdk%2fcredential-provider-ini set size:undefined disposed:false
264 http fetch GET 200 https://registry.npmjs.org/@aws-sdk%2fcredential-provider-node 3590ms (cache miss)
265 silly packumentCache corgi:https://registry.npmjs.org/@aws-sdk%2fcredential-provider-node set size:undefined disposed:false
266 silly CHANGE node_modules/@playwright/test
267 silly CHANGE node_modules/playwright-core
268 silly CHANGE node_modules/playwright
269 verbose cwd F:\portfolio
270 verbose os Windows_NT 10.0.26200
271 verbose node v24.12.0
272 verbose npm  v11.6.2
273 verbose exit 0
274 info ok
