0 verbose cli C:\Program Files\nodejs\node.exe C:\Program Files\nodejs\node_modules\npm\bin\npm-cli.js
1 info using npm@11.6.2
2 info using node@v24.12.0
3 silly config load:file:C:\Program Files\nodejs\node_modules\npm\npmrc
4 silly config load:file:F:\portfolio\.npmrc
5 silly config load:file:C:\Users\moment\.npmrc
6 silly config load:file:C:\Users\moment\AppData\Roaming\npm\etc\npmrc
7 verbose title npm uninstall @playwright/test
8 verbose argv "uninstall" "@playwright/test"
9 verbose logfile logs-max:10 dir:F:\portfolio\.npm-cache\_logs\2026-07-05T05_15_09_493Z-
10 verbose logfile F:\portfolio\.npm-cache\_logs\2026-07-05T05_15_09_493Z-debug-0.log
11 silly logfile done cleaning log files
12 silly packumentCache heap:4496293888 maxSize:1124073472 maxEntrySize:562036736
13 silly idealTree buildDeps
14 silly reify mark retired [
14 silly reify   'F:\\portfolio\\node_modules\\@playwright\\test',
14 silly reify   'F:\\portfolio\\node_modules\\.bin\\playwright',
14 silly reify   'F:\\portfolio\\node_modules\\.bin\\playwright.cmd',
14 silly reify   'F:\\portfolio\\node_modules\\.bin\\playwright.ps1'
14 silly reify ]
15 silly reify moves {
15 silly reify   'F:\\portfolio\\node_modules\\@playwright\\test': 'F:\\portfolio\\node_modules\\@playwright\\.test-us6havgt',
15 silly reify   'F:\\portfolio\\node_modules\\.bin\\playwright': 'F:\\portfolio\\node_modules\\.bin\\.playwright-et9cgdvf',
15 silly reify   'F:\\portfolio\\node_modules\\.bin\\playwright.cmd': 'F:\\portfolio\\node_modules\\.bin\\.playwright.cmd-8n3I1awq',
15 silly reify   'F:\\portfolio\\node_modules\\.bin\\playwright.ps1': 'F:\\portfolio\\node_modules\\.bin\\.playwright.ps1-4OayzO3C'
15 silly reify }
16 silly audit bulk request {
16 silly audit   '@alloc/quick-lru': [ '5.2.0' ],
16 silly audit   '@ast-grep/napi': [ '0.35.0' ],
16 silly audit   '@ast-grep/napi-darwin-arm64': [ '0.35.0' ],
16 silly audit   '@ast-grep/napi-darwin-x64': [ '0.35.0' ],
16 silly audit   '@ast-grep/napi-linux-arm64-gnu': [ '0.35.0' ],
16 silly audit   '@ast-grep/napi-linux-arm64-musl': [ '0.35.0' ],
16 silly audit   '@ast-grep/napi-linux-x64-gnu': [ '0.35.0' ],
16 silly audit   '@ast-grep/napi-linux-x64-musl': [ '0.35.0' ],
16 silly audit   '@ast-grep/napi-win32-arm64-msvc': [ '0.35.0' ],
16 silly audit   '@ast-grep/napi-win32-ia32-msvc': [ '0.35.0' ],
16 silly audit   '@ast-grep/napi-win32-x64-msvc': [ '0.35.0' ],
16 silly audit   '@aws-crypto/ie11-detection': [ '3.0.0' ],
16 silly audit   tslib: [ '1.14.1', '2.7.0' ],
16 silly audit   '@aws-crypto/sha256-browser': [ '3.0.0' ],
16 silly audit   '@aws-crypto/sha256-js': [ '3.0.0' ],
16 silly audit   '@aws-crypto/supports-web-crypto': [ '3.0.0' ],
16 silly audit   '@aws-crypto/util': [ '3.0.0' ],
16 silly audit   '@aws-sdk/checksums': [ '3.1000.12' ],
16 silly audit   '@aws-sdk/types': [ '3.973.15', '3.398.0' ],
16 silly audit   '@smithy/types': [ '4.15.1', '2.12.0' ],
16 silly audit   '@aws-sdk/client-cloudfront': [ '3.398.0' ],
16 silly audit   '@aws-sdk/client-dynamodb': [ '3.1079.0' ],
16 silly audit   '@aws-sdk/credential-provider-env': [ '3.972.53', '3.398.0' ],
16 silly audit   '@aws-sdk/credential-provider-ini': [ '3.972.60', '3.398.0' ],
16 silly audit   '@aws-sdk/credential-provider-node': [ '3.972.62', '3.398.0' ],
16 silly audit   '@aws-sdk/credential-provider-process': [ '3.972.53', '3.398.0' ],
16 silly audit   '@aws-sdk/credential-provider-sso': [ '3.972.59', '3.398.0' ],
16 silly audit   '@aws-sdk/credential-provider-web-identity': [ '3.972.59', '3.398.0' ],
16 silly audit   '@aws-sdk/token-providers': [ '3.1079.0', '3.398.0' ],
16 silly audit   '@smithy/credential-provider-imds': [ '4.4.6', '2.3.0' ],
16 silly audit   '@smithy/fetch-http-handler': [ '5.6.3', '2.5.0' ],
16 silly audit   '@smithy/node-http-handler': [ '4.9.3', '2.5.0' ],
16 silly audit   '@aws-sdk/client-lambda': [ '3.1079.0' ],
16 silly audit   '@aws-sdk/client-s3': [ '3.1079.0' ],
16 silly audit   '@aws-sdk/client-sqs': [ '3.1079.0' ],
16 silly audit   '@aws-sdk/client-sso': [ '3.398.0' ],
16 silly audit   '@aws-sdk/client-sts': [ '3.398.0' ],
16 silly audit   '@aws-sdk/core': [ '3.974.27' ],
16 silly audit   '@aws-sdk/xml-builder': [ '3.972.33', '3.310.0' ],
16 silly audit   '@aws-sdk/credential-provider-http': [ '3.972.55' ],
16 silly audit   '@aws-sdk/credential-provider-login': [ '3.972.59' ],
16 silly audit   '@aws-sdk/dynamodb-codec': [ '3.973.27' ],
16 silly audit   '@aws-sdk/endpoint-cache': [ '3.972.8' ],
16 silly audit   '@aws-sdk/middleware-endpoint-discovery': [ '3.972.22' ],
16 silly audit   '@aws-sdk/middleware-host-header': [ '3.398.0' ],
16 silly audit   '@aws-sdk/middleware-logger': [ '3.398.0' ],
16 silly audit   '@aws-sdk/middleware-recursion-detection': [ '3.398.0' ],
16 silly audit   '@aws-sdk/middleware-sdk-s3': [ '3.972.58' ],
16 silly audit   '@aws-sdk/middleware-sdk-sqs': [ '3.972.34' ],
16 silly audit   '@aws-sdk/middleware-sdk-sts': [ '3.398.0' ],
16 silly audit   '@aws-sdk/middleware-signing': [ '3.398.0' ],
16 silly audit   '@smithy/signature-v4': [ '2.3.0', '5.6.2' ],
16 silly audit   '@aws-sdk/middleware-user-agent': [ '3.398.0' ],
16 silly audit   '@aws-sdk/nested-clients': [ '3.997.27' ],
16 silly audit   '@aws-sdk/signature-v4-multi-region': [ '3.996.38' ],
16 silly audit   '@aws-sdk/util-endpoints': [ '3.398.0' ],
16 silly audit   '@aws-sdk/util-locate-window': [ '3.965.8' ],
16 silly audit   '@aws-sdk/util-user-agent-browser': [ '3.398.0' ],
16 silly audit   '@aws-sdk/util-user-agent-node': [ '3.398.0' ],
16 silly audit   '@aws-sdk/util-utf8-browser': [ '3.259.0' ],
16 silly audit   '@aws/lambda-invoke-store': [ '0.3.0' ],
16 silly audit   '@babel/runtime': [ '7.25.7' ],
16 silly audit   '@cloudflare/kv-asset-handler': [ '0.5.0' ],
16 silly audit   '@cloudflare/unenv-preset': [ '2.16.1' ],
16 silly audit   '@cloudflare/workerd-darwin-64': [ '1.20260701.1' ],
16 silly audit   '@cloudflare/workerd-darwin-arm64': [ '1.20260701.1' ],
16 silly audit   '@cloudflare/workerd-linux-64': [ '1.20260701.1' ],
16 silly audit   '@cloudflare/workerd-linux-arm64': [ '1.20260701.1' ],
16 silly audit   '@cloudflare/workerd-windows-64': [ '1.20260701.1' ],
16 silly audit   '@cspotcode/source-map-support': [ '0.8.1' ],
16 silly audit   '@jridgewell/trace-mapping': [ '0.3.9', '0.3.25' ],
16 silly audit   '@dotenvx/dotenvx': [ '1.31.0' ],
16 silly audit   commander: [ '11.1.0', '4.1.1', '2.20.3' ],
16 silly audit   fdir: [ '6.5.0' ],
16 silly audit   isexe: [ '3.1.5', '2.0.0' ],
16 silly audit   picomatch: [ '4.0.5', '2.3.1' ],
16 silly audit   which: [ '4.0.0', '2.0.2' ],
16 silly audit   '@ecies/ciphers': [ '0.2.6' ],
16 silly audit   '@emnapi/runtime': [ '1.11.2' ],
16 silly audit   '@esbuild/aix-ppc64': [ '0.28.1' ],
16 silly audit   '@esbuild/android-arm': [ '0.19.2', '0.28.1' ],
16 silly audit   '@esbuild/android-arm64': [ '0.19.2', '0.28.1' ],
16 silly audit   '@esbuild/android-x64': [ '0.19.2', '0.28.1' ],
16 silly audit   '@esbuild/darwin-arm64': [ '0.19.2', '0.28.1' ],
16 silly audit   '@esbuild/darwin-x64': [ '0.19.2', '0.28.1' ],
16 silly audit   '@esbuild/freebsd-arm64': [ '0.19.2', '0.28.1' ],
16 silly audit   '@esbuild/freebsd-x64': [ '0.19.2', '0.28.1' ],
16 silly audit   '@esbuild/linux-arm': [ '0.19.2', '0.28.1' ],
16 silly audit   '@esbuild/linux-arm64': [ '0.19.2', '0.28.1' ],
16 silly audit   '@esbuild/linux-ia32': [ '0.19.2', '0.28.1' ],
16 silly audit   '@esbuild/linux-loong64': [ '0.19.2', '0.28.1' ],
16 silly audit   '@esbuild/linux-mips64el': [ '0.19.2', '0.28.1' ],
16 silly audit   '@esbuild/linux-ppc64': [ '0.19.2', '0.28.1' ],
16 silly audit   '@esbuild/linux-riscv64': [ '0.19.2', '0.28.1' ],
16 silly audit   '@esbuild/linux-s390x': [ '0.19.2', '0.28.1' ],
16 silly audit   '@esbuild/linux-x64': [ '0.19.2', '0.28.1' ],
16 silly audit   '@esbuild/netbsd-arm64': [ '0.28.1' ],
16 silly audit   '@esbuild/netbsd-x64': [ '0.19.2', '0.28.1' ],
16 silly audit   '@esbuild/openbsd-arm64': [ '0.28.1' ],
16 silly audit   '@esbuild/openbsd-x64': [ '0.19.2', '0.28.1' ],
16 silly audit   '@esbuild/openharmony-arm64': [ '0.28.1' ],
16 silly audit   '@esbuild/sunos-x64': [ '0.19.2', '0.28.1' ],
16 silly audit   '@esbuild/win32-arm64': [ '0.19.2', '0.28.1' ],
16 silly audit   '@esbuild/win32-ia32': [ '0.19.2', '0.28.1' ],
16 silly audit   '@esbuild/win32-x64': [ '0.19.2', '0.28.1' ],
16 silly audit   '@eslint-community/eslint-utils': [ '4.4.0' ],
16 silly audit   '@eslint-community/regexpp': [ '4.11.1' ],
16 silly audit   '@eslint/eslintrc': [ '2.1.4' ],
16 silly audit   '@eslint/js': [ '8.49.0' ],
16 silly audit   '@floating-ui/core': [ '1.6.8' ],
16 silly audit   '@floating-ui/dom': [ '1.6.11' ],
16 silly audit   '@floating-ui/react-dom': [ '2.1.2' ],
16 silly audit   '@floating-ui/utils': [ '0.2.8' ],
16 silly audit   '@hookform/resolvers': [ '3.9.0' ],
16 silly audit   '@humanwhocodes/config-array': [ '0.11.14' ],
16 silly audit   '@humanwhocodes/module-importer': [ '1.0.1' ],
16 silly audit   '@humanwhocodes/object-schema': [ '2.0.3' ],
16 silly audit   '@img/colour': [ '1.1.0' ],
16 silly audit   '@img/sharp-darwin-arm64': [ '0.34.5' ],
16 silly audit   '@img/sharp-darwin-x64': [ '0.34.5' ],
16 silly audit   '@img/sharp-libvips-darwin-arm64': [ '1.2.4' ],
16 silly audit   '@img/sharp-libvips-darwin-x64': [ '1.2.4' ],
16 silly audit   '@img/sharp-libvips-linux-arm': [ '1.2.4' ],
16 silly audit   '@img/sharp-libvips-linux-arm64': [ '1.2.4' ],
16 silly audit   '@img/sharp-libvips-linux-ppc64': [ '1.2.4' ],
16 silly audit   '@img/sharp-libvips-linux-riscv64': [ '1.2.4' ],
16 silly audit   '@img/sharp-libvips-linux-s390x': [ '1.2.4' ],
16 silly audit   '@img/sharp-libvips-linux-x64': [ '1.2.4' ],
16 silly audit   '@img/sharp-libvips-linuxmusl-arm64': [ '1.2.4' ],
16 silly audit   '@img/sharp-libvips-linuxmusl-x64': [ '1.2.4' ],
16 silly audit   '@img/sharp-linux-arm': [ '0.34.5' ],
16 silly audit   '@img/sharp-linux-arm64': [ '0.34.5' ],
16 silly audit   '@img/sharp-linux-ppc64': [ '0.34.5' ],
16 silly audit   '@img/sharp-linux-riscv64': [ '0.34.5' ],
16 silly audit   '@img/sharp-linux-s390x': [ '0.34.5' ],
16 silly audit   '@img/sharp-linux-x64': [ '0.34.5' ],
16 silly audit   '@img/sharp-linuxmusl-arm64': [ '0.34.5' ],
16 silly audit   '@img/sharp-linuxmusl-x64': [ '0.34.5' ],
16 silly audit   '@img/sharp-wasm32': [ '0.34.5' ],
16 silly audit   '@img/sharp-win32-arm64': [ '0.34.5' ],
16 silly audit   '@img/sharp-win32-ia32': [ '0.34.5' ],
16 silly audit   '@img/sharp-win32-x64': [ '0.34.5' ],
16 silly audit   '@isaacs/cliui': [ '8.0.2', '9.0.0' ],
16 silly audit   'ansi-regex': [ '6.1.0', '5.0.1' ],
16 silly audit   'strip-ansi': [ '7.1.0', '6.0.1' ],
16 silly audit   '@jridgewell/gen-mapping': [ '0.3.5' ],
16 silly audit   '@jridgewell/resolve-uri': [ '3.1.2' ],
16 silly audit   '@jridgewell/set-array': [ '1.2.1' ],
16 silly audit   '@jridgewell/source-map': [ '0.3.11' ],
16 silly audit   '@jridgewell/sourcemap-codec': [ '1.5.0' ],
16 silly audit   '@netlify/plugin-nextjs': [ '5.15.1' ],
16 silly audit   '@next/env': [ '14.2.35' ],
16 silly audit   '@next/eslint-plugin-next': [ '13.5.1' ],
16 silly audit   '@next/swc-darwin-arm64': [ '14.2.33' ],
16 silly audit   '@next/swc-darwin-x64': [ '14.2.33' ],
16 silly audit   '@next/swc-linux-arm64-gnu': [ '14.2.33' ],
16 silly audit   '@next/swc-linux-arm64-musl': [ '14.2.33' ],
16 silly audit   '@next/swc-linux-x64-gnu': [ '14.2.33' ],
16 silly audit   '@next/swc-linux-x64-musl': [ '14.2.33' ],
16 silly audit   '@next/swc-wasm-nodejs': [ '13.5.1' ],
16 silly audit   '@next/swc-win32-arm64-msvc': [ '14.2.33' ],
16 silly audit   '@next/swc-win32-ia32-msvc': [ '14.2.33' ],
16 silly audit   '@next/swc-win32-x64-msvc': [ '14.2.33' ],
16 silly audit   '@noble/ciphers': [ '1.3.0' ],
16 silly audit   '@noble/curves': [ '1.9.7' ],
16 silly audit   '@noble/hashes': [ '1.8.0' ],
16 silly audit   '@node-minify/core': [ '8.0.6' ],
16 silly audit   'brace-expansion': [ '2.1.1', '5.0.7', '2.0.1', '1.1.11' ],
16 silly audit   glob: [ '9.3.5', '11.1.0', '7.1.7', '10.4.5' ],
16 silly audit   minimatch: [ '8.0.7', '10.2.5', '9.0.3', '3.1.2', '9.0.5' ],
16 silly audit   minipass: [ '4.2.8', '7.1.2' ],
16 silly audit   '@node-minify/terser': [ '8.0.6' ],
16 silly audit   '@node-minify/utils': [ '8.0.6' ],
16 silly audit   '@nodelib/fs.scandir': [ '2.1.5' ],
16 silly audit   '@nodelib/fs.stat': [ '2.0.5' ],
16 silly audit   '@nodelib/fs.walk': [ '1.2.8' ],
16 silly audit   '@nolyfill/is-core-module': [ '1.0.39' ],
16 silly audit   '@opennextjs/aws': [ '3.5.3' ],
16 silly audit   chalk: [ '5.6.2', '4.1.2' ],
16 silly audit   '@opennextjs/cloudflare': [ '0.6.5' ],
16 silly audit   'balanced-match': [ '4.0.4', '1.0.2' ],
16 silly audit   jackspeak: [ '4.2.3', '3.4.3' ],
16 silly audit   'lru-cache': [ '11.5.1', '10.4.3' ],
16 silly audit   'path-scurry': [ '2.0.2', '1.11.1' ],
16 silly audit   '@pkgjs/parseargs': [ '0.11.0' ],
16 silly audit   '@poppinss/colors': [ '4.1.6' ],
16 silly audit   '@poppinss/dumper': [ '0.6.5' ],
16 silly audit   'supports-color': [ '10.2.2', '7.2.0' ],
16 silly audit   '@poppinss/exception': [ '1.2.3' ],
16 silly audit   '@radix-ui/number': [ '1.1.0' ],
16 silly audit   '@radix-ui/primitive': [ '1.1.0', '1.0.1' ],
16 silly audit   '@radix-ui/react-accordion': [ '1.2.1' ],
16 silly audit   '@radix-ui/react-alert-dialog': [ '1.1.2' ],
16 silly audit   '@radix-ui/react-arrow': [ '1.1.0' ],
16 silly audit   '@radix-ui/react-aspect-ratio': [ '1.1.0' ],
16 silly audit   '@radix-ui/react-avatar': [ '1.1.1' ],
16 silly audit   '@radix-ui/react-checkbox': [ '1.1.2' ],
16 silly audit   '@radix-ui/react-collapsible': [ '1.1.1' ],
16 silly audit   '@radix-ui/react-collection': [ '1.1.0' ],
16 silly audit   '@radix-ui/react-context': [ '1.1.0', '1.1.1', '1.0.1' ],
16 silly audit   '@radix-ui/react-compose-refs': [ '1.1.0', '1.0.1' ],
16 silly audit   '@radix-ui/react-context-menu': [ '2.2.2' ],
16 silly audit   '@radix-ui/react-dialog': [ '1.1.2', '1.0.5' ],
16 silly audit   '@radix-ui/react-direction': [ '1.1.0' ],
16 silly audit   '@radix-ui/react-dismissable-layer': [ '1.1.1', '1.0.5' ],
16 silly audit   '@radix-ui/react-dropdown-menu': [ '2.1.2' ],
16 silly audit   '@radix-ui/react-focus-guards': [ '1.1.1', '1.0.1' ],
16 silly audit   '@radix-ui/react-focus-scope': [ '1.1.0', '1.0.4' ],
16 silly audit   '@radix-ui/react-hover-card': [ '1.1.2' ],
16 silly audit   '@radix-ui/react-id': [ '1.1.0', '1.0.1' ],
16 silly audit   '@radix-ui/react-label': [ '2.1.0' ],
16 silly audit   '@radix-ui/react-menu': [ '2.1.2' ],
16 silly audit   '@radix-ui/react-menubar': [ '1.1.2' ],
16 silly audit   '@radix-ui/react-navigation-menu': [ '1.2.1' ],
16 silly audit   '@radix-ui/react-popover': [ '1.1.2' ],
16 silly audit   '@radix-ui/react-popper': [ '1.2.0' ],
16 silly audit   '@radix-ui/react-portal': [ '1.1.2', '1.0.4' ],
16 silly audit   '@radix-ui/react-presence': [ '1.1.1', '1.0.1' ],
16 silly audit   '@radix-ui/react-primitive': [ '2.0.0', '1.0.3' ],
16 silly audit   '@radix-ui/react-progress': [ '1.1.0' ],
16 silly audit   '@radix-ui/react-radio-group': [ '1.2.1' ],
16 silly audit   '@radix-ui/react-roving-focus': [ '1.1.0' ],
16 silly audit   '@radix-ui/react-scroll-area': [ '1.2.0' ],
16 silly audit   '@radix-ui/react-select': [ '2.1.2' ],
16 silly audit   '@radix-ui/react-separator': [ '1.1.0' ],
16 silly audit   '@radix-ui/react-slider': [ '1.2.1' ],
16 silly audit   '@radix-ui/react-slot': [ '1.1.0', '1.0.2' ],
16 silly audit   '@radix-ui/react-switch': [ '1.1.1' ],
16 silly audit   '@radix-ui/react-tabs': [ '1.1.1' ],
16 silly audit   '@radix-ui/react-toast': [ '1.2.2' ],
16 silly audit   '@radix-ui/react-toggle': [ '1.1.0' ],
16 silly audit   '@radix-ui/react-toggle-group': [ '1.1.0' ],
16 silly audit   '@radix-ui/react-tooltip': [ '1.1.3' ],
16 silly audit   '@radix-ui/react-use-callback-ref': [ '1.1.0', '1.0.1' ],
16 silly audit   '@radix-ui/react-use-controllable-state': [ '1.1.0', '1.0.1' ],
16 silly audit   '@radix-ui/react-use-escape-keydown': [ '1.1.0', '1.0.3' ],
16 silly audit   '@radix-ui/react-use-layout-effect': [ '1.1.0', '1.0.1' ],
16 silly audit   '@radix-ui/react-use-previous': [ '1.1.0' ],
16 silly audit   '@radix-ui/react-use-rect': [ '1.1.0' ],
16 silly audit   '@radix-ui/react-use-size': [ '1.1.0' ],
16 silly audit   '@radix-ui/react-visually-hidden': [ '1.1.0' ],
16 silly audit   '@radix-ui/rect': [ '1.1.0' ],
16 silly audit   '@rtsao/scc': [ '1.1.0' ],
16 silly audit   '@rushstack/eslint-patch': [ '1.10.4' ],
16 silly audit   '@sindresorhus/is': [ '7.2.0' ],
16 silly audit   '@smithy/abort-controller': [ '2.2.0' ],
16 silly audit   '@smithy/config-resolver': [ '2.2.0' ],
16 silly audit   '@smithy/core': [ '3.29.1' ],
16 silly audit   '@smithy/protocol-http': [ '3.3.0', '2.0.5' ],
16 silly audit   '@smithy/hash-node': [ '2.2.0' ],
16 silly audit   '@smithy/invalid-dependency': [ '2.2.0' ],
16 silly audit   '@smithy/is-array-buffer': [ '2.2.0' ],
16 silly audit   '@smithy/middleware-content-length': [ '2.2.0' ],
16 silly audit   '@smithy/middleware-endpoint': [ '2.5.1' ],
16 silly audit   '@smithy/middleware-retry': [ '2.3.1' ],
16 silly audit   '@smithy/middleware-serde': [ '2.3.0' ],
16 silly audit   '@smithy/middleware-stack': [ '2.2.0' ],
16 silly audit   '@smithy/node-config-provider': [ '2.3.0' ],
16 silly audit   '@smithy/property-provider': [ '2.2.0' ],
16 silly audit   '@smithy/querystring-builder': [ '2.2.0' ],
16 silly audit   '@smithy/querystring-parser': [ '2.2.0' ],
16 silly audit   '@smithy/service-error-classification': [ '2.1.5' ],
16 silly audit   '@smithy/shared-ini-file-loader': [ '2.4.0' ],
16 silly audit   '@smithy/smithy-client': [ '2.5.1' ],
16 silly audit   '@smithy/url-parser': [ '2.2.0' ],
16 silly audit   '@smithy/util-base64': [ '2.3.0' ],
16 silly audit   '@smithy/util-body-length-browser': [ '2.2.0' ],
16 silly audit   '@smithy/util-body-length-node': [ '2.3.0' ],
16 silly audit   '@smithy/util-buffer-from': [ '2.2.0' ],
16 silly audit   '@smithy/util-config-provider': [ '2.3.0' ],
16 silly audit   '@smithy/util-defaults-mode-browser': [ '2.2.1' ],
16 silly audit   '@smithy/util-defaults-mode-node': [ '2.3.1' ],
16 silly audit   '@smithy/util-hex-encoding': [ '2.2.0' ],
16 silly audit   '@smithy/util-middleware': [ '2.2.0' ],
16 silly audit   '@smithy/util-retry': [ '2.2.0' ],
16 silly audit   '@smithy/util-stream': [ '2.2.0' ],
16 silly audit   '@smithy/util-uri-escape': [ '2.2.0' ],
16 silly audit   '@smithy/util-utf8': [ '2.3.0' ],
16 silly audit   '@smithy/util-waiter': [ '2.2.0' ],
16 silly audit   '@speed-highlight/core': [ '1.2.17' ],
16 silly audit   '@supabase/auth-js': [ '2.72.0' ],
16 silly audit   '@supabase/functions-js': [ '2.5.0' ],
16 silly audit   '@supabase/node-fetch': [ '2.6.15' ],
16 silly audit   '@supabase/postgrest-js': [ '1.21.4' ],
16 silly audit   '@supabase/realtime-js': [ '2.15.5' ],
16 silly audit   '@supabase/storage-js': [ '2.12.2' ],
16 silly audit   '@supabase/supabase-js': [ '2.58.0' ],
16 silly audit   '@swc/counter': [ '0.1.3' ],
16 silly audit   '@swc/helpers': [ '0.5.5' ],
16 silly audit   '@tsconfig/node18': [ '1.0.3' ],
16 silly audit   '@types/d3-array': [ '3.2.1' ],
16 silly audit   '@types/d3-color': [ '3.1.3' ],
16 silly audit   '@types/d3-ease': [ '3.0.2' ],
16 silly audit   '@types/d3-interpolate': [ '3.0.4' ],
16 silly audit   '@types/d3-path': [ '3.1.0' ],
16 silly audit   '@types/d3-scale': [ '4.0.8' ],
16 silly audit   '@types/d3-shape': [ '3.1.6' ],
16 silly audit   '@types/d3-time': [ '3.0.3' ],
16 silly audit   '@types/d3-timer': [ '3.0.2' ],
16 silly audit   '@types/json5': [ '0.0.29' ],
16 silly audit   '@types/node': [ '20.6.2' ],
16 silly audit   '@types/phoenix': [ '1.6.6' ],
16 silly audit   '@types/prop-types': [ '15.7.13' ],
16 silly audit   '@types/react': [ '18.2.22' ],
16 silly audit   '@types/react-dom': [ '18.2.7' ],
16 silly audit   '@types/scheduler': [ '0.23.0' ],
16 silly audit   '@types/ws': [ '8.18.1' ],
16 silly audit   '@typescript-eslint/parser': [ '6.21.0' ],
16 silly audit   '@typescript-eslint/scope-manager': [ '6.21.0' ],
16 silly audit   '@typescript-eslint/types': [ '6.21.0' ],
16 silly audit   '@typescript-eslint/typescript-estree': [ '6.21.0' ],
16 silly audit   '@typescript-eslint/visitor-keys': [ '6.21.0' ],
16 silly audit   accepts: [ '2.0.0' ],
16 silly audit   acorn: [ '8.12.1' ],
16 silly audit   'acorn-jsx': [ '5.3.2' ],
16 silly audit   ajv: [ '6.12.6' ],
16 silly audit   'ansi-colors': [ '4.1.3' ],
16 silly audit   'ansi-styles': [ '4.3.0', '6.2.1' ],
16 silly audit   'any-promise': [ '1.3.0' ],
16 silly audit   anymatch: [ '3.1.3' ],
16 silly audit   arg: [ '5.0.2' ],
16 silly audit   argparse: [ '2.0.1' ],
16 silly audit   'aria-hidden': [ '1.2.4' ],
16 silly audit   'aria-query': [ '5.1.3' ],
16 silly audit   'array-buffer-byte-length': [ '1.0.1' ],
16 silly audit   'array-includes': [ '3.1.8' ],
16 silly audit   'array-union': [ '2.1.0' ],
16 silly audit   'array.prototype.findlast': [ '1.2.5' ],
16 silly audit   'array.prototype.findlastindex': [ '1.2.5' ],
16 silly audit   'array.prototype.flat': [ '1.3.2' ],
16 silly audit   'array.prototype.flatmap': [ '1.3.2' ],
16 silly audit   'array.prototype.tosorted': [ '1.1.4' ],
16 silly audit   'arraybuffer.prototype.slice': [ '1.0.3' ],
16 silly audit   'ast-types-flow': [ '0.0.8' ],
16 silly audit   autoprefixer: [ '10.4.15' ],
16 silly audit   'available-typed-arrays': [ '1.0.7' ],
16 silly audit   aws4fetch: [ '1.0.20' ],
16 silly audit   'axe-core': [ '4.10.0' ],
16 silly audit   'axobject-query': [ '4.1.0' ],
16 silly audit   'binary-extensions': [ '2.3.0' ],
16 silly audit   'blake3-wasm': [ '2.1.5' ],
16 silly audit   'body-parser': [ '2.3.0' ],
16 silly audit   'content-type': [ '2.0.0', '1.0.5' ],
16 silly audit   'http-errors': [ '2.0.1', '2.0.0' ],
16 silly audit   qs: [ '6.15.3', '6.13.0' ],
16 silly audit   statuses: [ '2.0.2', '2.0.1' ],
16 silly audit   bowser: [ '2.14.1' ],
16 silly audit   braces: [ '3.0.3' ],
16 silly audit   browserslist: [ '4.24.0' ],
16 silly audit   'buffer-from': [ '1.1.2' ],
16 silly audit   busboy: [ '1.6.0' ],
16 silly audit   bytes: [ '3.1.2' ],
16 silly audit   'call-bind': [ '1.0.7' ],
16 silly audit   'call-bind-apply-helpers': [ '1.0.2' ],
16 silly audit   'call-bound': [ '1.0.4' ],
16 silly audit   callsites: [ '3.1.0' ],
16 silly audit   'camelcase-css': [ '2.0.1' ],
16 silly audit   'caniuse-lite': [ '1.0.30001667' ],
16 silly audit   chokidar: [ '3.6.0' ],
16 silly audit   'glob-parent': [ '5.1.2', '6.0.2' ],
16 silly audit   'class-variance-authority': [ '0.7.0' ],
16 silly audit   clsx: [ '2.0.0', '2.1.1' ],
16 silly audit   'client-only': [ '0.0.1' ],
16 silly audit   cmdk: [ '1.0.0' ],
16 silly audit   'react-remove-scroll': [ '2.5.5', '2.6.0' ],
16 silly audit   'color-convert': [ '2.0.1' ],
16 silly audit   'color-name': [ '1.1.4' ],
16 silly audit   'concat-map': [ '0.0.1' ],
16 silly audit   'content-disposition': [ '1.1.0' ],
16 silly audit   cookie: [ '0.7.1', '1.1.1' ],
16 silly audit   'cookie-signature': [ '1.2.2' ],
16 silly audit   'cross-spawn': [ '7.0.6' ],
16 silly audit   cssesc: [ '3.0.0' ],
16 silly audit   csstype: [ '3.1.3' ],
16 silly audit   'd3-array': [ '3.2.4' ],
16 silly audit   'd3-color': [ '3.1.0' ],
16 silly audit   'd3-ease': [ '3.0.1' ],
16 silly audit   'd3-format': [ '3.1.0' ],
16 silly audit   'd3-interpolate': [ '3.0.1' ],
16 silly audit   'd3-path': [ '3.1.0' ],
16 silly audit   'd3-scale': [ '4.0.2' ],
16 silly audit   'd3-shape': [ '3.2.0' ],
16 silly audit   'd3-time': [ '3.1.0' ],
16 silly audit   'd3-time-format': [ '4.1.0' ],
16 silly audit   'd3-timer': [ '3.0.1' ],
16 silly audit   'damerau-levenshtein': [ '1.0.8' ],
16 silly audit   'data-view-buffer': [ '1.0.1' ],
16 silly audit   'data-view-byte-length': [ '1.0.1' ],
16 silly audit   'data-view-byte-offset': [ '1.0.0' ],
16 silly audit   'date-fns': [ '3.6.0' ],
16 silly audit   debug: [ '4.4.3', '3.2.7', '4.3.6' ],
16 silly audit   'decimal.js-light': [ '2.5.1' ],
16 silly audit   'deep-equal': [ '2.2.3' ],
16 silly audit   'deep-is': [ '0.1.4' ],
16 silly audit   'define-data-property': [ '1.1.4' ],
16 silly audit   'define-properties': [ '1.2.1' ],
16 silly audit   depd: [ '2.0.0' ],
16 silly audit   'detect-libc': [ '2.1.2' ],
16 silly audit   'detect-node-es': [ '1.1.0' ],
16 silly audit   didyoumean: [ '1.2.2' ],
16 silly audit   'dir-glob': [ '3.0.1' ],
16 silly audit   dlv: [ '1.1.3' ],
16 silly audit   doctrine: [ '3.0.0', '2.1.0' ],
16 silly audit   'dom-helpers': [ '5.2.1' ],
16 silly audit   dotenv: [ '16.6.1' ],
16 silly audit   'dunder-proto': [ '1.0.1' ],
16 silly audit   duplexer: [ '0.1.2' ],
16 silly audit   eastasianwidth: [ '0.2.0' ],
16 silly audit   eciesjs: [ '0.4.18' ],
16 silly audit   'ee-first': [ '1.1.1' ],
16 silly audit   'electron-to-chromium': [ '1.5.34' ],
16 silly audit   'embla-carousel': [ '8.3.0' ],
16 silly audit   'embla-carousel-react': [ '8.3.0' ],
16 silly audit   'embla-carousel-reactive-utils': [ '8.3.0' ],
16 silly audit   'emoji-regex': [ '9.2.2', '8.0.0' ],
16 silly audit   encodeurl: [ '2.0.0' ],
16 silly audit   'enhanced-resolve': [ '5.17.1' ],
16 silly audit   enquirer: [ '2.4.1' ],
16 silly audit   'error-stack-parser-es': [ '1.0.5' ],
16 silly audit   'es-abstract': [ '1.23.3' ],
16 silly audit   'es-define-property': [ '1.0.1' ],
16 silly audit   'es-errors': [ '1.3.0' ],
16 silly audit   'es-get-iterator': [ '1.1.3' ],
16 silly audit   'es-iterator-helpers': [ '1.1.0' ],
16 silly audit   'es-object-atoms': [ '1.1.2' ],
16 silly audit   'es-set-tostringtag': [ '2.0.3' ],
16 silly audit   'es-shim-unscopables': [ '1.0.2' ],
16 silly audit   'es-to-primitive': [ '1.2.1' ],
16 silly audit   esbuild: [ '0.19.2', '0.28.1' ],
16 silly audit   escalade: [ '3.2.0' ],
16 silly audit   'escape-html': [ '1.0.3' ],
16 silly audit   'escape-string-regexp': [ '4.0.0' ],
16 silly audit   eslint: [ '8.49.0' ],
16 silly audit   'eslint-config-next': [ '13.5.1' ],
16 silly audit   'eslint-import-resolver-typescript': [ '3.6.3' ],
16 silly audit   'eslint-import-resolver-node': [ '0.3.9' ],
16 silly audit   'eslint-module-utils': [ '2.12.0' ],
16 silly audit   'eslint-plugin-import': [ '2.31.0' ],
16 silly audit   semver: [ '6.3.1', '7.8.5' ],
16 silly audit   'eslint-plugin-jsx-a11y': [ '6.10.0' ],
16 silly audit   'eslint-plugin-react': [ '7.37.1' ],
16 silly audit   'eslint-plugin-react-hooks': [ '4.6.2' ],
16 silly audit   resolve: [ '2.0.0-next.5', '1.22.8' ],
16 silly audit   'eslint-scope': [ '7.2.2' ],
16 silly audit   'eslint-visitor-keys': [ '3.4.3' ],
16 silly audit   espree: [ '9.6.1' ],
16 silly audit   esquery: [ '1.6.0' ],
16 silly audit   esrecurse: [ '4.3.0' ],
16 silly audit   estraverse: [ '5.3.0' ],
16 silly audit   esutils: [ '2.0.3' ],
16 silly audit   etag: [ '1.8.1' ],
16 silly audit   eventemitter3: [ '4.0.7' ],
16 silly audit   execa: [ '5.1.1' ],
16 silly audit   'signal-exit': [ '3.0.7', '4.1.0' ],
16 silly audit   express: [ '5.0.1' ],
16 silly audit   ms: [ '2.1.2', '2.1.3' ],
16 silly audit   'fast-deep-equal': [ '3.1.3' ],
16 silly audit   'fast-equals': [ '5.0.1' ],
16 silly audit   'fast-glob': [ '3.3.2' ],
16 silly audit   'fast-json-stable-stringify': [ '2.1.0' ],
16 silly audit   'fast-levenshtein': [ '2.0.6' ],
16 silly audit   'fast-xml-parser': [ '4.2.5' ],
16 silly audit   fastq: [ '1.17.1' ],
16 silly audit   'file-entry-cache': [ '6.0.1' ],
16 silly audit   'fill-range': [ '7.1.1' ],
16 silly audit   finalhandler: [ '2.1.1' ],
16 silly audit   'find-up': [ '5.0.0' ],
16 silly audit   'flat-cache': [ '3.2.0' ],
16 silly audit   flatted: [ '3.3.1' ],
16 silly audit   'for-each': [ '0.3.3' ],
16 silly audit   'foreground-child': [ '3.3.1' ],
16 silly audit   forwarded: [ '0.2.0' ],
16 silly audit   'fraction.js': [ '4.3.7' ],
16 silly audit   'framer-motion': [ '12.42.2' ],
16 silly audit   fresh: [ '2.0.0' ],
16 silly audit   'fs.realpath': [ '1.0.0' ],
16 silly audit   fsevents: [ '2.3.3', '2.3.2' ],
16 silly audit   'function-bind': [ '1.1.2' ],
16 silly audit   'function.prototype.name': [ '1.1.6' ],
16 silly audit   'functions-have-names': [ '1.2.3' ],
16 silly audit   'get-intrinsic': [ '1.3.0' ],
16 silly audit   'get-nonce': [ '1.0.1' ],
16 silly audit   'get-proto': [ '1.0.1' ],
16 silly audit   'get-stream': [ '6.0.1' ],
16 silly audit   'get-symbol-description': [ '1.0.2' ],
16 silly audit   'get-tsconfig': [ '4.8.1' ],
16 silly audit   globals: [ '13.24.0' ],
16 silly audit   globalthis: [ '1.0.4' ],
16 silly audit   globby: [ '11.1.0' ],
16 silly audit   gopd: [ '1.2.0' ],
16 silly audit   'graceful-fs': [ '4.2.11' ],
16 silly audit   graphemer: [ '1.4.0' ],
16 silly audit   'gzip-size': [ '6.0.0' ],
16 silly audit   'has-bigints': [ '1.0.2' ],
16 silly audit   'has-flag': [ '4.0.0' ],
16 silly audit   'has-property-descriptors': [ '1.0.2' ],
16 silly audit   'has-proto': [ '1.0.3' ],
16 silly audit   'has-symbols': [ '1.1.0' ],
16 silly audit   'has-tostringtag': [ '1.0.2' ],
16 silly audit   hasown: [ '2.0.2' ],
16 silly audit   'human-signals': [ '2.1.0' ],
16 silly audit   'iconv-lite': [ '0.7.2' ],
16 silly audit   ignore: [ '5.3.2' ],
16 silly audit   'import-fresh': [ '3.3.0' ],
16 silly audit   imurmurhash: [ '0.1.4' ],
16 silly audit   inflight: [ '1.0.6' ],
16 silly audit   inherits: [ '2.0.4' ],
16 silly audit   'input-otp': [ '1.2.4' ],
16 silly audit   'internal-slot': [ '1.0.7' ],
16 silly audit   internmap: [ '2.0.3' ],
16 silly audit   invariant: [ '2.2.4' ],
16 silly audit   'ipaddr.js': [ '1.9.1' ],
16 silly audit   'is-arguments': [ '1.1.1' ],
16 silly audit   'is-array-buffer': [ '3.0.4' ],
16 silly audit   'is-async-function': [ '2.0.0' ],
16 silly audit   'is-bigint': [ '1.0.4' ],
16 silly audit   'is-binary-path': [ '2.1.0' ],
16 silly audit   'is-boolean-object': [ '1.1.2' ],
16 silly audit   'is-bun-module': [ '1.2.1' ],
16 silly audit   'is-callable': [ '1.2.7' ],
16 silly audit   'is-core-module': [ '2.15.1' ],
16 silly audit   'is-data-view': [ '1.0.1' ],
16 silly audit   'is-date-object': [ '1.0.5' ],
16 silly audit   'is-extglob': [ '2.1.1' ],
16 silly audit   'is-finalizationregistry': [ '1.0.2' ],
16 silly audit   'is-fullwidth-code-point': [ '3.0.0' ],
16 silly audit   'is-generator-function': [ '1.0.10' ],
16 silly audit   'is-glob': [ '4.0.3' ],
16 silly audit   'is-map': [ '2.0.3' ],
16 silly audit   'is-negative-zero': [ '2.0.3' ],
16 silly audit   'is-number': [ '7.0.0' ],
16 silly audit   'is-number-object': [ '1.0.7' ],
16 silly audit   'is-path-inside': [ '3.0.3' ],
16 silly audit   'is-promise': [ '4.0.0' ],
16 silly audit   'is-regex': [ '1.1.4' ],
16 silly audit   'is-set': [ '2.0.3' ],
16 silly audit   'is-shared-array-buffer': [ '1.0.3' ],
16 silly audit   'is-stream': [ '2.0.1' ],
16 silly audit   'is-string': [ '1.0.7' ],
16 silly audit   'is-symbol': [ '1.0.4' ],
16 silly audit   'is-typed-array': [ '1.1.13' ],
16 silly audit   'is-weakmap': [ '2.0.2' ],
16 silly audit   'is-weakref': [ '1.0.2' ],
16 silly audit   'is-weakset': [ '2.0.3' ],
16 silly audit   isarray: [ '2.0.5' ],
16 silly audit   'iterator.prototype': [ '1.1.3' ],
16 silly audit   jiti: [ '1.21.6' ],
16 silly audit   'js-tokens': [ '4.0.0' ],
16 silly audit   'js-yaml': [ '4.1.0' ],
16 silly audit   'json-buffer': [ '3.0.1' ],
16 silly audit   'json-schema-traverse': [ '0.4.1' ],
16 silly audit   'json-stable-stringify-without-jsonify': [ '1.0.1' ],
16 silly audit   json5: [ '1.0.2' ],
16 silly audit   'jsx-ast-utils': [ '3.3.5' ],
16 silly audit   keyv: [ '4.5.4' ],
16 silly audit   kleur: [ '4.1.5' ],
16 silly audit   'language-subtag-registry': [ '0.3.23' ],
16 silly audit   'language-tags': [ '1.0.9' ],
16 silly audit   levn: [ '0.4.1' ],
16 silly audit   lilconfig: [ '2.1.0', '3.1.2' ],
16 silly audit   'lines-and-columns': [ '1.2.4' ],
16 silly audit   'locate-path': [ '6.0.0' ],
16 silly audit   lodash: [ '4.17.21' ],
16 silly audit   'lodash.merge': [ '4.6.2' ],
16 silly audit   'loose-envify': [ '1.4.0' ],
16 silly audit   'lucide-react': [ '0.446.0' ],
16 silly audit   'math-intrinsics': [ '1.1.0' ],
16 silly audit   'media-typer': [ '1.1.0' ],
16 silly audit   'merge-descriptors': [ '2.0.0' ],
16 silly audit   'merge-stream': [ '2.0.0' ],
16 silly audit   merge2: [ '1.4.1' ],
16 silly audit   methods: [ '1.1.2' ],
16 silly audit   micromatch: [ '4.0.8' ],
16 silly audit   'mime-db': [ '1.54.0' ],
16 silly audit   'mime-types': [ '3.0.2' ],
16 silly audit   'mimic-fn': [ '2.1.0' ],
16 silly audit   miniflare: [ '4.20260701.0' ],
16 silly audit   minimist: [ '1.2.8' ],
16 silly audit   mkdirp: [ '1.0.4' ],
16 silly audit   mnemonist: [ '0.38.3' ],
16 silly audit   'motion-dom': [ '12.42.2' ],
16 silly audit   'motion-utils': [ '12.39.0' ],
16 silly audit   mz: [ '2.7.0' ],
16 silly audit   nanoid: [ '3.3.7' ],
16 silly audit   'natural-compare': [ '1.4.0' ],
16 silly audit   negotiator: [ '1.0.0' ],
16 silly audit   next: [ '14.2.35' ],
16 silly audit   'next-themes': [ '0.3.0' ],
16 silly audit   postcss: [ '8.4.31', '8.4.30' ],
16 silly audit   'node-releases': [ '2.0.18' ],
16 silly audit   'normalize-path': [ '3.0.0' ],
16 silly audit   'normalize-range': [ '0.1.2' ],
16 silly audit   'npm-run-path': [ '4.0.1' ],
16 silly audit   'object-assign': [ '4.1.1' ],
16 silly audit   'object-hash': [ '3.0.0' ],
16 silly audit   'object-inspect': [ '1.13.4' ],
16 silly audit   'object-is': [ '1.1.6' ],
16 silly audit   'object-keys': [ '1.1.1' ],
16 silly audit   'object-treeify': [ '1.1.33' ],
16 silly audit   'object.assign': [ '4.1.5' ],
16 silly audit   'object.entries': [ '1.1.8' ],
16 silly audit   'object.fromentries': [ '2.0.8' ],
16 silly audit   'object.groupby': [ '1.0.3' ],
16 silly audit   'object.values': [ '1.2.0' ],
16 silly audit   obliterator: [ '1.6.1' ],
16 silly audit   'on-finished': [ '2.4.1' ],
16 silly audit   once: [ '1.4.0' ],
16 silly audit   onetime: [ '5.1.2' ],
16 silly audit   optionator: [ '0.9.4' ],
16 silly audit   'p-limit': [ '3.1.0' ],
16 silly audit   'p-locate': [ '5.0.0' ],
16 silly audit   'package-json-from-dist': [ '1.0.1' ],
16 silly audit   'parent-module': [ '1.0.1' ],
16 silly audit   parseurl: [ '1.3.3' ],
16 silly audit   'path-exists': [ '4.0.0' ],
16 silly audit   'path-is-absolute': [ '1.0.1' ],
16 silly audit   'path-key': [ '3.1.1' ],
16 silly audit   'path-parse': [ '1.0.7' ],
16 silly audit   'path-to-regexp': [ '6.3.0', '8.4.2' ],
16 silly audit   'path-type': [ '4.0.0' ],
16 silly audit   pathe: [ '2.0.3' ],
16 silly audit   picocolors: [ '1.1.0' ],
16 silly audit   pify: [ '2.3.0' ],
16 silly audit   pirates: [ '4.0.6' ],
16 silly audit   playwright: [ '1.61.1' ],
16 silly audit   'playwright-core': [ '1.61.1' ],
16 silly audit   'possible-typed-array-names': [ '1.0.0' ],
16 silly audit   'postcss-import': [ '15.1.0' ],
16 silly audit   'postcss-js': [ '4.0.1' ],
16 silly audit   'postcss-load-config': [ '4.0.2' ],
16 silly audit   'postcss-nested': [ '6.2.0' ],
16 silly audit   'postcss-selector-parser': [ '6.1.2' ],
16 silly audit   'postcss-value-parser': [ '4.2.0' ],
16 silly audit   'prelude-ls': [ '1.2.1' ],
16 silly audit   'prop-types': [ '15.8.1' ],
16 silly audit   'proxy-addr': [ '2.0.7' ],
16 silly audit   punycode: [ '2.3.1' ],
16 silly audit   'queue-microtask': [ '1.2.3' ],
16 silly audit   'range-parser': [ '1.2.1' ],
16 silly audit   'raw-body': [ '3.0.2' ],
16 silly audit   react: [ '18.2.0' ],
16 silly audit   'react-day-picker': [ '8.10.1' ],
16 silly audit   'react-dom': [ '18.2.0' ],
16 silly audit   'react-hook-form': [ '7.53.0' ],
16 silly audit   'react-is': [ '16.13.1' ],
16 silly audit   'react-remove-scroll-bar': [ '2.3.6' ],
16 silly audit   'react-resizable-panels': [ '2.1.4' ],
16 silly audit   'react-smooth': [ '4.0.1' ],
16 silly audit   'react-style-singleton': [ '2.2.1' ],
16 silly audit   'react-transition-group': [ '4.4.5' ],
16 silly audit   'read-cache': [ '1.0.0' ],
16 silly audit   readdirp: [ '3.6.0' ],
16 silly audit   recharts: [ '2.12.7' ],
16 silly audit   'recharts-scale': [ '0.4.5' ],
16 silly audit   'reflect.getprototypeof': [ '1.0.6' ],
16 silly audit   'regenerator-runtime': [ '0.14.1' ],
16 silly audit   'regexp.prototype.flags': [ '1.5.3' ],
16 silly audit   'resolve-from': [ '4.0.0' ],
16 silly audit   'resolve-pkg-maps': [ '1.0.0' ],
16 silly audit   reusify: [ '1.0.4' ],
16 silly audit   rimraf: [ '3.0.2' ],
16 silly audit   router: [ '2.2.0' ],
16 silly audit   'run-parallel': [ '1.2.0' ],
16 silly audit   'safe-array-concat': [ '1.1.2' ],
16 silly audit   'safe-buffer': [ '5.2.1' ],
16 silly audit   'safe-regex-test': [ '1.0.3' ],
16 silly audit   'safer-buffer': [ '2.1.2' ],
16 silly audit   scheduler: [ '0.23.2' ],
16 silly audit   send: [ '1.2.1' ],
16 silly audit   'serve-static': [ '2.2.1' ],
16 silly audit   'set-function-length': [ '1.2.2' ],
16 silly audit   'set-function-name': [ '2.0.2' ],
16 silly audit   setprototypeof: [ '1.2.0' ],
16 silly audit   sharp: [ '0.34.5' ],
16 silly audit   'shebang-command': [ '2.0.0' ],
16 silly audit   'shebang-regex': [ '3.0.0' ],
16 silly audit   'side-channel': [ '1.1.1' ],
16 silly audit   'side-channel-list': [ '1.0.1' ],
16 silly audit   'side-channel-map': [ '1.0.1' ],
16 silly audit   'side-channel-weakmap': [ '1.0.2' ],
16 silly audit   slash: [ '3.0.0' ],
16 silly audit   sonner: [ '1.5.0' ],
16 silly audit   'source-map': [ '0.6.1' ],
16 silly audit   'source-map-js': [ '1.2.1' ],
16 silly audit   'source-map-support': [ '0.5.21' ],
16 silly audit   'stop-iteration-iterator': [ '1.0.0' ],
16 silly audit   streamsearch: [ '1.1.0' ],
16 silly audit   'string-width': [ '5.1.2', '4.2.3' ],
16 silly audit   'string.prototype.includes': [ '2.0.0' ],
16 silly audit   'string.prototype.matchall': [ '4.0.11' ],
16 silly audit   'string.prototype.repeat': [ '1.0.0' ],
16 silly audit   'string.prototype.trim': [ '1.2.9' ],
16 silly audit   'string.prototype.trimend': [ '1.0.8' ],
16 silly audit   'string.prototype.trimstart': [ '1.0.8' ],
16 silly audit   'strip-bom': [ '3.0.0' ],
16 silly audit   'strip-final-newline': [ '2.0.0' ],
16 silly audit   'strip-json-comments': [ '3.1.1' ],
16 silly audit   strnum: [ '1.1.2' ],
16 silly audit   'styled-jsx': [ '5.1.1' ],
16 silly audit   sucrase: [ '3.35.0' ],
16 silly audit   'supports-preserve-symlinks-flag': [ '1.0.0' ],
16 silly audit   'tailwind-merge': [ '2.5.3' ],
16 silly audit   tailwindcss: [ '3.3.3' ],
16 silly audit   'tailwindcss-animate': [ '1.0.7' ],
16 silly audit   tapable: [ '2.2.1' ],
16 silly audit   terser: [ '5.16.9' ],
16 silly audit   'text-table': [ '0.2.0' ],
16 silly audit   thenify: [ '3.3.1' ],
16 silly audit   'thenify-all': [ '1.6.0' ],
16 silly audit   'tiny-invariant': [ '1.3.3' ],
16 silly audit   'to-regex-range': [ '5.0.1' ],
16 silly audit   toidentifier: [ '1.0.1' ],
16 silly audit   tr46: [ '0.0.3' ],
16 silly audit   'ts-api-utils': [ '1.3.0' ],
16 silly audit   'ts-interface-checker': [ '0.1.13' ],
16 silly audit   'tsconfig-paths': [ '3.15.0' ],
16 silly audit   'type-check': [ '0.4.0' ],
16 silly audit   'type-fest': [ '0.20.2' ],
16 silly audit   'type-is': [ '2.1.0' ],
16 silly audit   'typed-array-buffer': [ '1.0.2' ],
16 silly audit   'typed-array-byte-length': [ '1.0.1' ],
16 silly audit   'typed-array-byte-offset': [ '1.0.2' ],
16 silly audit   'typed-array-length': [ '1.0.6' ],
16 silly audit   typescript: [ '5.2.2' ],
16 silly audit   'unbox-primitive': [ '1.0.2' ],
16 silly audit   undici: [ '7.28.0' ],
16 silly audit   unenv: [ '2.0.0-rc.24' ],
16 silly audit   unpipe: [ '1.0.0' ],
16 silly audit   'update-browserslist-db': [ '1.1.1' ],
16 silly audit   'uri-js': [ '4.4.1' ],
16 silly audit   'urlpattern-polyfill': [ '10.1.0' ],
16 silly audit   'use-callback-ref': [ '1.3.2' ],
16 silly audit   'use-sidecar': [ '1.1.2' ],
16 silly audit   'util-deprecate': [ '1.0.2' ],
16 silly audit   'utils-merge': [ '1.0.1' ],
16 silly audit   uuid: [ '9.0.1' ],
16 silly audit   vary: [ '1.1.2' ],
16 silly audit   vaul: [ '0.9.9' ],
16 silly audit   'victory-vendor': [ '36.9.2' ],
16 silly audit   'webidl-conversions': [ '3.0.1' ],
16 silly audit   'whatwg-url': [ '5.0.0' ],
16 silly audit   'which-boxed-primitive': [ '1.0.2' ],
16 silly audit   'which-builtin-type': [ '1.1.4' ],
16 silly audit   'which-collection': [ '1.0.2' ],
16 silly audit   'which-typed-array': [ '1.1.15' ],
16 silly audit   'word-wrap': [ '1.2.5' ],
16 silly audit   workerd: [ '1.20260701.1' ],
16 silly audit   wrangler: [ '4.107.0' ],
16 silly audit   'wrap-ansi': [ '8.1.0', '7.0.0' ],
16 silly audit   wrappy: [ '1.0.2' ],
16 silly audit   ws: [ '8.21.0' ],
16 silly audit   yaml: [ '2.9.0' ],
16 silly audit   'yocto-queue': [ '0.1.0' ],
16 silly audit   youch: [ '4.1.0-beta.10' ],
16 silly audit   'youch-core': [ '0.3.3' ],
16 silly audit   zod: [ '3.23.8' ]
16 silly audit }
17 verbose audit error FetchError: request to https://registry.npmjs.org/-/npm/v1/security/advisories/bulk failed, reason: 
17 verbose audit error     at ClientRequest.<anonymous> (C:\Program Files\nodejs\node_modules\npm\node_modules\minipass-fetch\lib\index.js:130:14)
17 verbose audit error     at ClientRequest.emit (node:events:508:28)
17 verbose audit error     at emitErrorEvent (node:_http_client:108:11)
17 verbose audit error     at _destroy (node:_http_client:962:9)
17 verbose audit error     at onSocketNT (node:_http_client:982:5)
17 verbose audit error     at process.processTicksAndRejections (node:internal/process/task_queues:90:21) {
17 verbose audit error   code: 'EACCES',
17 verbose audit error   errno: 'EACCES',
17 verbose audit error   type: 'system'
17 verbose audit error }
18 silly audit error undefined
19 silly audit report null
20 silly REMOVE node_modules/@playwright/test
21 verbose cwd F:\portfolio
22 verbose os Windows_NT 10.0.26200
23 verbose node v24.12.0
24 verbose npm  v11.6.2
25 verbose exit 0
26 info ok
